<html>
<body>
<pre>
<h1>µVision Build Log</h1>
<h2>Tool Versions:</h2>
IDE-Version: µVision V5.24.2.0
Copyright (C) 2017 ARM Ltd and ARM Germany GmbH. All rights reserved.
License Information: Evgeny Zemtsov, Home, LIC=3L28G-VPZDY-N1E6U-53DX6-14VUR-YFSX4
 
Tool Versions:
Toolchain:       MDK-ARM Cortex-M0/M0+ for ST  Version: 5.24.1
Toolchain Path:  C:\Keil_v5\ARM\ARMCC\Bin
C Compiler:      Armcc.exe V5.06 update 5 (build 528)
Assembler:       Armasm.exe V5.06 update 5 (build 528)
Linker/Locator:  ArmLink.exe V5.06 update 5 (build 528)
Library Manager: ArmAr.exe V5.06 update 5 (build 528)
Hex Converter:   FromElf.exe V5.06 update 5 (build 528)
CPU DLL:         SARMCM3.DLL V5.24.1
Dialog DLL:      DARMCM1.DLL V1.18.0.0
Target DLL:      UL2CM3.DLL V1.160.3.0
Dialog DLL:      TARMCM1.DLL V1.13.0.0
 
<h2>Project:</h2>
D:\EZ\PRJ\Termostat\TERMO_synchro_GIT\Keil_termo_with_boiler\Termo_with_boiler.uvprojx
Project File Date:  08/21/2021

<h2>Output:</h2>
*** Using Compiler 'V5.06 update 5 (build 528)', folder: 'C:\Keil_v5\ARM\ARMCC\Bin'
Rebuild target 'Prj'
assembling startup_stm32f072.s...
compiling stm32f0xx_dbgmcu.c...
compiling stm32f0xx_exti.c...
compiling stm32f0xx_crs.c...
compiling stm32f0xx_comp.c...
compiling stm32f0xx_cec.c...
compiling stm32f0xx_gpio.c...
compiling stm32f0xx_dma.c...
compiling stm32f0xx_dac.c...
compiling stm32f0xx_flash.c...
compiling stm32f0xx_adc.c...
compiling stm32f0xx_crc.c...
compiling stm32f0xx_can.c...
compiling stm32f0xx_i2c.c...
compiling stm32f0xx_iwdg.c...
compiling stm32f0xx_misc.c...
compiling stm32f0xx_pwr.c...
compiling stm32f0xx_spi.c...
compiling stm32f0xx_wwdg.c...
compiling stm32f0xx_syscfg.c...
compiling stm32f0xx_rcc.c...
compiling stm32f0xx_usart.c...
compiling usb_dcd.c...
compiling usb_core.c...
compiling usbd_core.c...
compiling usb_dcd_int.c...
compiling stm32f0xx_rtc.c...
compiling stm32f0xx_tim.c...
compiling usbd_ioreq.c...
compiling usbd_req.c...
compiling system_stm32f0xx.c...
compiling TM1637.c...
compiling usart_stm.c...
compiling func.c...
compiling usb_bsp.c...
USER\SRC\usb_bsp.c(79): warning:  #177-D: function "CRS_Config"  was declared but never referenced
  static void CRS_Config(void);
USER\SRC\usb_bsp.c: 1 warning, 0 errors
compiling stm32f0xx_it.c...
compiling usbd_pwr.c...
compiling usbd_desc.c...
compiling usbd_usr.c...
compiling usbd_custom_hid_core.c...
compiling user_init.c...
compiling main.c...
compiling wifi_esp8266.c...
linking...
Program Size: Code=45340 RO-data=1012 RW-data=1588 ZI-data=10280  
FromELF: creating hex file...
After Build - User command #1: fromelf --bin --output .\Termo_boiler.bin .\Objects\Termo_with_boiler.axf
".\Objects\Termo_with_boiler.axf" - 0 Error(s), 1 Warning(s).

<h2>Software Packages used:</h2>

Package Vendor: Keil
                http://www.keil.com/pack/Keil.STM32F0xx_DFP.1.4.0.pack
                Keil.STM32F0xx_DFP.1.4.0
                STMicroelectronics STM32F0 Series Device Support and Examples

<h2>Collection of Component include folders:</h2>
  .\RTE\_Prj
  C:\Keil_v5\ARM\PACK\Keil\STM32F0xx_DFP\1.4.0\Device\Include

<h2>Collection of Component Files used:</h2>
Build Time Elapsed:  00:00:02
</pre>
</body>
</html>
