Component: ARM Compiler 5.06 update 5 (build 528) Tool: armlink [4d35e2]

==============================================================================

Section Cross References

    startup_stm32f072.o(STACK) refers (Special) to heapauxi.o(.text) for __use_two_region_memory
    startup_stm32f072.o(HEAP) refers (Special) to heapauxi.o(.text) for __use_two_region_memory
    startup_stm32f072.o(RESET) refers (Special) to heapauxi.o(.text) for __use_two_region_memory
    startup_stm32f072.o(RESET) refers to startup_stm32f072.o(STACK) for __initial_sp
    startup_stm32f072.o(RESET) refers to startup_stm32f072.o(.text) for Reset_Handler
    startup_stm32f072.o(RESET) refers to stm32f0xx_it.o(i.NMI_Handler) for NMI_Handler
    startup_stm32f072.o(RESET) refers to stm32f0xx_it.o(i.HardFault_Handler) for HardFault_Handler
    startup_stm32f072.o(RESET) refers to stm32f0xx_it.o(i.SVC_Handler) for SVC_Handler
    startup_stm32f072.o(RESET) refers to stm32f0xx_it.o(i.PendSV_Handler) for PendSV_Handler
    startup_stm32f072.o(RESET) refers to stm32f0xx_it.o(i.SysTick_Handler) for SysTick_Handler
    startup_stm32f072.o(RESET) refers to stm32f0xx_it.o(i.EXTI0_1_IRQHandler) for EXTI0_1_IRQHandler
    startup_stm32f072.o(RESET) refers to stm32f0xx_it.o(i.EXTI4_15_IRQHandler) for EXTI4_15_IRQHandler
    startup_stm32f072.o(RESET) refers to stm32f0xx_it.o(i.TIM2_IRQHandler) for TIM2_IRQHandler
    startup_stm32f072.o(RESET) refers to stm32f0xx_it.o(i.TIM3_IRQHandler) for TIM3_IRQHandler
    startup_stm32f072.o(RESET) refers to stm32f0xx_it.o(i.TIM16_IRQHandler) for TIM16_IRQHandler
    startup_stm32f072.o(RESET) refers to stm32f0xx_it.o(i.USART2_IRQHandler) for USART2_IRQHandler
    startup_stm32f072.o(RESET) refers to stm32f0xx_it.o(i.USB_IRQHandler) for USB_IRQHandler
    startup_stm32f072.o(.text) refers (Special) to heapauxi.o(.text) for __use_two_region_memory
    startup_stm32f072.o(.text) refers to system_stm32f0xx.o(i.SystemInit) for SystemInit
    startup_stm32f072.o(.text) refers to __main.o(!!!main) for __main
    startup_stm32f072.o(.text) refers to startup_stm32f072.o(HEAP) for Heap_Mem
    startup_stm32f072.o(.text) refers to startup_stm32f072.o(STACK) for Stack_Mem
    stm32f0xx_adc.o(i.ADC_DeInit) refers to stm32f0xx_rcc.o(i.RCC_APB2PeriphResetCmd) for RCC_APB2PeriphResetCmd
    stm32f0xx_can.o(i.CAN_DeInit) refers to stm32f0xx_rcc.o(i.RCC_APB1PeriphResetCmd) for RCC_APB1PeriphResetCmd
    stm32f0xx_can.o(i.CAN_GetITStatus) refers to stm32f0xx_can.o(i.CheckITStatus) for CheckITStatus
    stm32f0xx_cec.o(i.CEC_DeInit) refers to stm32f0xx_rcc.o(i.RCC_APB1PeriphResetCmd) for RCC_APB1PeriphResetCmd
    stm32f0xx_crs.o(i.CRS_DeInit) refers to stm32f0xx_rcc.o(i.RCC_APB1PeriphResetCmd) for RCC_APB1PeriphResetCmd
    stm32f0xx_dac.o(i.DAC_DeInit) refers to stm32f0xx_rcc.o(i.RCC_APB1PeriphResetCmd) for RCC_APB1PeriphResetCmd
    stm32f0xx_flash.o(i.FLASH_EraseAllPages) refers to stm32f0xx_flash.o(i.FLASH_WaitForLastOperation) for FLASH_WaitForLastOperation
    stm32f0xx_flash.o(i.FLASH_ErasePage) refers to stm32f0xx_flash.o(i.FLASH_WaitForLastOperation) for FLASH_WaitForLastOperation
    stm32f0xx_flash.o(i.FLASH_OB_BOOT0Config) refers to stm32f0xx_flash.o(i.FLASH_WaitForLastOperation) for FLASH_WaitForLastOperation
    stm32f0xx_flash.o(i.FLASH_OB_BOOT0SWConfig) refers to stm32f0xx_flash.o(i.FLASH_WaitForLastOperation) for FLASH_WaitForLastOperation
    stm32f0xx_flash.o(i.FLASH_OB_BOOTConfig) refers to stm32f0xx_flash.o(i.FLASH_WaitForLastOperation) for FLASH_WaitForLastOperation
    stm32f0xx_flash.o(i.FLASH_OB_EnableWRP) refers to stm32f0xx_flash.o(i.FLASH_WaitForLastOperation) for FLASH_WaitForLastOperation
    stm32f0xx_flash.o(i.FLASH_OB_Erase) refers to stm32f0xx_flash.o(i.FLASH_OB_GetRDP) for FLASH_OB_GetRDP
    stm32f0xx_flash.o(i.FLASH_OB_Erase) refers to stm32f0xx_flash.o(i.FLASH_WaitForLastOperation) for FLASH_WaitForLastOperation
    stm32f0xx_flash.o(i.FLASH_OB_ProgramData) refers to stm32f0xx_flash.o(i.FLASH_WaitForLastOperation) for FLASH_WaitForLastOperation
    stm32f0xx_flash.o(i.FLASH_OB_RDPConfig) refers to stm32f0xx_flash.o(i.FLASH_WaitForLastOperation) for FLASH_WaitForLastOperation
    stm32f0xx_flash.o(i.FLASH_OB_SRAMParityConfig) refers to stm32f0xx_flash.o(i.FLASH_WaitForLastOperation) for FLASH_WaitForLastOperation
    stm32f0xx_flash.o(i.FLASH_OB_UserConfig) refers to stm32f0xx_flash.o(i.FLASH_WaitForLastOperation) for FLASH_WaitForLastOperation
    stm32f0xx_flash.o(i.FLASH_OB_VDDAConfig) refers to stm32f0xx_flash.o(i.FLASH_WaitForLastOperation) for FLASH_WaitForLastOperation
    stm32f0xx_flash.o(i.FLASH_OB_WriteUser) refers to stm32f0xx_flash.o(i.FLASH_WaitForLastOperation) for FLASH_WaitForLastOperation
    stm32f0xx_flash.o(i.FLASH_ProgramHalfWord) refers to stm32f0xx_flash.o(i.FLASH_WaitForLastOperation) for FLASH_WaitForLastOperation
    stm32f0xx_flash.o(i.FLASH_ProgramWord) refers to stm32f0xx_flash.o(i.FLASH_WaitForLastOperation) for FLASH_WaitForLastOperation
[...]
    __user_perproc_libspace                  0x080050e5   Thumb Code     0  libspace.o(.text)
    __user_perthread_libspace                0x080050e5   Thumb Code     0  libspace.o(.text)
    __user_setup_stackheap                   0x080050ed   Thumb Code    62  sys_stackheap_outer.o(.text)
    exit                                     0x0800512b   Thumb Code    16  exit.o(.text)
    __fpl_return_NaN                         0x0800513b   Thumb Code    94  retnan.o(.text)
    _sys_exit                                0x08005199   Thumb Code     8  sys_exit.o(.text)
    __I$use$semihosting                      0x080051a5   Thumb Code     0  use_no_semi.o(.text)
    __use_no_semihosting_swi                 0x080051a5   Thumb Code     2  use_no_semi.o(.text)
    __decompress                             0x080051a7   Thumb Code     0  __dczerorl2.o(.text)
    __decompress1                            0x080051a7   Thumb Code    86  __dczerorl2.o(.text)
    __semihosting_library_function           0x080051a7   Thumb Code     0  indicate_semi.o(.text)
    ADC_ChannelConfig                        0x080051fd   Thumb Code    24  stm32f0xx_adc.o(i.ADC_ChannelConfig)
    ADC_Cmd                                  0x08005215   Thumb Code    24  stm32f0xx_adc.o(i.ADC_Cmd)
    ADC_GetCalibrationFactor                 0x0800522d   Thumb Code    60  stm32f0xx_adc.o(i.ADC_GetCalibrationFactor)
    ADC_GetConversionValue                   0x08005269   Thumb Code     8  stm32f0xx_adc.o(i.ADC_GetConversionValue)
    ADC_GetFlagStatus                        0x08005271   Thumb Code    48  stm32f0xx_adc.o(i.ADC_GetFlagStatus)
    ADC_StartOfConversion                    0x080052a1   Thumb Code    10  stm32f0xx_adc.o(i.ADC_StartOfConversion)
    ADC_StructInit                           0x080052ab   Thumb Code    16  stm32f0xx_adc.o(i.ADC_StructInit)
    CTR                                      0x080052bd   Thumb Code   800  usb_dcd_int.o(i.CTR)
    CalculateCRC                             0x080055f5   Thumb Code    22  main.o(i.CalculateCRC)
    ClearDTOG_RX                             0x0800560d   Thumb Code    42  usb_core.o(i.ClearDTOG_RX)
    ClearDTOG_TX                             0x08005645   Thumb Code    42  usb_core.o(i.ClearDTOG_TX)
    DCD_DevConnect                           0x0800567d   Thumb Code    20  usb_dcd.o(i.DCD_DevConnect)
    DCD_EP_Close                             0x08005695   Thumb Code   168  usb_dcd.o(i.DCD_EP_Close)
    DCD_EP_ClrStall                          0x0800573d   Thumb Code    90  usb_dcd.o(i.DCD_EP_ClrStall)
    DCD_EP_Open                              0x08005797   Thumb Code   330  usb_dcd.o(i.DCD_EP_Open)
    DCD_EP_PrepareRx                         0x080058e1   Thumb Code   114  usb_dcd.o(i.DCD_EP_PrepareRx)
    DCD_EP_SetAddress                        0x08005955   Thumb Code    62  usb_dcd.o(i.DCD_EP_SetAddress)
    DCD_EP_Stall                             0x080059a1   Thumb Code   136  usb_dcd.o(i.DCD_EP_Stall)
    DCD_EP_Tx                                0x08005a31   Thumb Code   180  usb_dcd.o(i.DCD_EP_Tx)
    DCD_Init                                 0x08005ae5   Thumb Code    56  usb_dcd.o(i.DCD_Init)
    DCD_PMA_Config                           0x08005b21   Thumb Code    70  usb_dcd.o(i.DCD_PMA_Config)
    Delay                                    0x08005b69   Thumb Code    44  main.o(i.Delay)
    DelaymS                                  0x08005b9d   Thumb Code    34  main.o(i.DelaymS)
    DelayuS                                  0x08005bbf   Thumb Code    46  main.o(i.DelayuS)
    EXTI0_1_IRQHandler                       0x08005bed   Thumb Code    10  stm32f0xx_it.o(i.EXTI0_1_IRQHandler)
    EXTI4_15_IRQHandler                      0x08005bf9   Thumb Code   152  stm32f0xx_it.o(i.EXTI4_15_IRQHandler)
    EXTI_ClearITPendingBit                   0x08005ca5   Thumb Code     6  stm32f0xx_exti.o(i.EXTI_ClearITPendingBit)
    FLASH_ErasePage                          0x08005cb1   Thumb Code    72  stm32f0xx_flash.o(i.FLASH_ErasePage)
    FLASH_GetStatus                          0x08005cfd   Thumb Code    54  stm32f0xx_flash.o(i.FLASH_GetStatus)
    FLASH_Lock                               0x08005d39   Thumb Code    14  stm32f0xx_flash.o(i.FLASH_Lock)
    FLASH_ProgramWord                        0x08005d4d   Thumb Code   104  stm32f0xx_flash.o(i.FLASH_ProgramWord)
    FLASH_Unlock                             0x08005db9   Thumb Code    24  stm32f0xx_flash.o(i.FLASH_Unlock)
    FLASH_WaitForLastOperation               0x08005ddd   Thumb Code    40  stm32f0xx_flash.o(i.FLASH_WaitForLastOperation)
    FreeUserBuffer                           0x08005e05   Thumb Code    62  usb_core.o(i.FreeUserBuffer)
    GPIO_Init                                0x08005e55   Thumb Code   144  stm32f0xx_gpio.o(i.GPIO_Init)
    GPIO_PinAFConfig                         0x08005ee5   Thumb Code    68  stm32f0xx_gpio.o(i.GPIO_PinAFConfig)
    GPIO_ReadInputDataBit                    0x08005f29   Thumb Code    20  stm32f0xx_gpio.o(i.GPIO_ReadInputDataBit)
    GetENDPOINT                              0x08005f3d   Thumb Code    14  usb_core.o(i.GetENDPOINT)
    GetEPDblBuf0Count                        0x08005f51   Thumb Code    26  usb_core.o(i.GetEPDblBuf0Count)
    GetEPDblBuf1Count                        0x08005f75   Thumb Code    26  usb_core.o(i.GetEPDblBuf1Count)
    GetEPRxCount                             0x08005f99   Thumb Code    26  usb_core.o(i.GetEPRxCount)
    GetEPTxCount                             0x08005fbd   Thumb Code    26  usb_core.o(i.GetEPTxCount)
    Get_SerialNum                            0x08005fe1   Thumb Code    40  usbd_desc.o(i.Get_SerialNum)
    HardFault_Handler                        0x08006011   Thumb Code    44  stm32f0xx_it.o(i.HardFault_Handler)
    IWDG_Enable                              0x0800603d   Thumb Code     8  stm32f0xx_iwdg.o(i.IWDG_Enable)
    IWDG_ReloadCounter                       0x0800604d   Thumb Code     8  stm32f0xx_iwdg.o(i.IWDG_ReloadCounter)
    IWDG_SetPrescaler                        0x0800605d   Thumb Code     6  stm32f0xx_iwdg.o(i.IWDG_SetPrescaler)
    IWDG_SetReload                           0x08006069   Thumb Code     6  stm32f0xx_iwdg.o(i.IWDG_SetReload)
    IWDG_WriteAccessCmd                      0x08006075   Thumb Code     6  stm32f0xx_iwdg.o(i.IWDG_WriteAccessCmd)
    NMI_Handler                              0x080060b7   Thumb Code     2  stm32f0xx_it.o(i.NMI_Handler)
    NVIC_Init                                0x080060e1   Thumb Code   106  stm32f0xx_misc.o(i.NVIC_Init)
    PMAToUserBufferCopy                      0x080061e5   Thumb Code    32  usb_core.o(i.PMAToUserBufferCopy)
    PendSV_Handler                           0x08006209   Thumb Code     2  stm32f0xx_it.o(i.PendSV_Handler)
    RCC_AHBPeriphClockCmd                    0x0800620d   Thumb Code    28  stm32f0xx_rcc.o(i.RCC_AHBPeriphClockCmd)
    RCC_APB1PeriphClockCmd                   0x0800622d   Thumb Code    28  stm32f0xx_rcc.o(i.RCC_APB1PeriphClockCmd)
    RCC_APB2PeriphClockCmd                   0x0800624d   Thumb Code    28  stm32f0xx_rcc.o(i.RCC_APB2PeriphClockCmd)
    RCC_APB2PeriphResetCmd                   0x0800626d   Thumb Code    28  stm32f0xx_rcc.o(i.RCC_APB2PeriphResetCmd)
    RCC_GetClocksFreq                        0x0800628d   Thumb Code   468  stm32f0xx_rcc.o(i.RCC_GetClocksFreq)
    RCC_GetFlagStatus                        0x0800647d   Thumb Code    68  stm32f0xx_rcc.o(i.RCC_GetFlagStatus)
    RCC_LSICmd                               0x080064c5   Thumb Code    32  stm32f0xx_rcc.o(i.RCC_LSICmd)
    RCC_USBCLKConfig                         0x080064e9   Thumb Code    22  stm32f0xx_rcc.o(i.RCC_USBCLKConfig)
    ResetKey                                 0x08006505   Thumb Code    18  usbd_custom_hid_core.o(i.ResetKey)
    Resume                                   0x0800651d   Thumb Code   204  usbd_pwr.o(i.Resume)
    Resume_Init                              0x080065f1   Thumb Code    28  usbd_pwr.o(i.Resume_Init)
    STM_EVAL_COMInit                         0x08006611   Thumb Code   180  usart_stm.o(i.STM_EVAL_COMInit)
    SVC_Handler                              0x080066f1   Thumb Code     2  stm32f0xx_it.o(i.SVC_Handler)
    SYSCFG_MemoryRemapConfig                 0x080066f5   Thumb Code    24  stm32f0xx_syscfg.o(i.SYSCFG_MemoryRemapConfig)
    SerialPutChar                            0x08006711   Thumb Code    32  usart_stm.o(i.SerialPutChar)
    Serial_PutString                         0x08006735   Thumb Code    22  usart_stm.o(i.Serial_PutString)
    SetBTABLE                                0x0800674d   Thumb Code    10  usb_core.o(i.SetBTABLE)
    SetCNTR                                  0x08006761   Thumb Code     6  usb_core.o(i.SetCNTR)
    SetEPDblBuffAddr                         0x0800676d   Thumb Code    46  usb_core.o(i.SetEPDblBuffAddr)
    SetEPDblBuffCount                        0x080067a5   Thumb Code   194  usb_core.o(i.SetEPDblBuffCount)
    SetEPDoubleBuff                          0x08006871   Thumb Code    30  usb_core.o(i.SetEPDoubleBuff)
    SetEPRxAddr                              0x0800689d   Thumb Code    26  usb_core.o(i.SetEPRxAddr)
    SetEPRxCount                             0x080068c1   Thumb Code    72  usb_core.o(i.SetEPRxCount)
    SetEPRxStatus                            0x08006911   Thumb Code    68  usb_core.o(i.SetEPRxStatus)
    SetEPTxAddr                              0x0800695d   Thumb Code    24  usb_core.o(i.SetEPTxAddr)
    SetEPTxCount                             0x0800697d   Thumb Code    20  usb_core.o(i.SetEPTxCount)
    SetEPTxStatus                            0x08006999   Thumb Code    60  usb_core.o(i.SetEPTxStatus)
    SetEPType                                0x080069dd   Thumb Code    26  usb_core.o(i.SetEPType)
    SetISTR                                  0x08006a01   Thumb Code     6  usb_core.o(i.SetISTR)
    Suspend                                  0x08006ae5   Thumb Code    28  usbd_pwr.o(i.Suspend)
    SysTick_Handler                          0x08006b05   Thumb Code     2  stm32f0xx_it.o(i.SysTick_Handler)
    SystemInit                               0x08006b09   Thumb Code   112  system_stm32f0xx.o(i.SystemInit)
    TIM16_IRQHandler                         0x08006b89   Thumb Code   448  stm32f0xx_it.o(i.TIM16_IRQHandler)
    TIM2_IRQHandler                          0x08006d6d   Thumb Code   440  stm32f0xx_it.o(i.TIM2_IRQHandler)
    TIM3_IRQHandler                          0x08006f79   Thumb Code   104  stm32f0xx_it.o(i.TIM3_IRQHandler)
    TIM_ARRPreloadConfig                     0x08006ff5   Thumb Code    24  stm32f0xx_tim.o(i.TIM_ARRPreloadConfig)
    TIM_ClearITPendingBit                    0x08007011   Thumb Code     6  stm32f0xx_tim.o(i.TIM_ClearITPendingBit)
    TIM_Cmd                                  0x08007019   Thumb Code    24  stm32f0xx_tim.o(i.TIM_Cmd)
    TIM_ITConfig                             0x08007035   Thumb Code    20  stm32f0xx_tim.o(i.TIM_ITConfig)
    TIM_TimeBaseInit                         0x08007049   Thumb Code    90  stm32f0xx_tim.o(i.TIM_TimeBaseInit)
    TIM_TimeBaseStructInit                   0x080070c5   Thumb Code    18  stm32f0xx_tim.o(i.TIM_TimeBaseStructInit)
    TM1637_clear                             0x080070d7   Thumb Code    26  tm1637.o(i.TM1637_clear)
    TM1637_display_segments                  0x080070f1   Thumb Code    62  tm1637.o(i.TM1637_display_segments)
    TM1637_init                              0x08007131   Thumb Code    50  tm1637.o(i.TM1637_init)
    TM1637_send_command                      0x0800716d   Thumb Code    20  tm1637.o(i.TM1637_send_command)
    TM1637_start                             0x08007181   Thumb Code    50  tm1637.o(i.TM1637_start)
    TM1637_stop                              0x080071b9   Thumb Code    78  tm1637.o(i.TM1637_stop)
    TM1637_write_byte                        0x0800720d   Thumb Code   244  tm1637.o(i.TM1637_write_byte)
    ToggleDTOG_RX                            0x08007305   Thumb Code    26  usb_core.o(i.ToggleDTOG_RX)
    ToggleDTOG_TX                            0x0800732d   Thumb Code    26  usb_core.o(i.ToggleDTOG_TX)
    USART2_IRQHandler                        0x08007355   Thumb Code   162  stm32f0xx_it.o(i.USART2_IRQHandler)
    USART_Cmd                                0x08007419   Thumb Code    24  stm32f0xx_usart.o(i.USART_Cmd)
    USART_GetFlagStatus                      0x08007431   Thumb Code    20  stm32f0xx_usart.o(i.USART_GetFlagStatus)
    USART_Init                               0x08007445   Thumb Code   214  stm32f0xx_usart.o(i.USART_Init)
    USART_ReceiveData                        0x0800752d   Thumb Code    10  stm32f0xx_usart.o(i.USART_ReceiveData)
    USART_SendData                           0x08007537   Thumb Code     8  stm32f0xx_usart.o(i.USART_SendData)
    USBD_ClrCfg                              0x0800753f   Thumb Code    22  usbd_core.o(i.USBD_ClrCfg)
    USBD_CtlContinueRx                       0x08007595   Thumb Code    26  usbd_ioreq.o(i.USBD_CtlContinueRx)
    USBD_CtlContinueSendData                 0x080075af   Thumb Code    26  usbd_ioreq.o(i.USBD_CtlContinueSendData)
    USBD_CtlError                            0x080075c9   Thumb Code    16  usbd_req.o(i.USBD_CtlError)
    USBD_CtlPrepareRx                        0x080075d9   Thumb Code    38  usbd_ioreq.o(i.USBD_CtlPrepareRx)
    USBD_CtlReceiveStatus                    0x080075ff   Thumb Code    26  usbd_ioreq.o(i.USBD_CtlReceiveStatus)
    USBD_CtlSendData                         0x08007619   Thumb Code    34  usbd_ioreq.o(i.USBD_CtlSendData)
    USBD_CtlSendStatus                       0x0800763b   Thumb Code    26  usbd_ioreq.o(i.USBD_CtlSendStatus)
    USBD_DeInit                              0x08007799   Thumb Code     6  usbd_core.o(i.USBD_DeInit)
    USBD_GetString                           0x0800795b   Thumb Code    78  usbd_req.o(i.USBD_GetString)
    USBD_HID_DataIn                          0x080079a9   Thumb Code    16  usbd_custom_hid_core.o(i.USBD_HID_DataIn)
    USBD_HID_DataOut                         0x080079bd   Thumb Code   360  usbd_custom_hid_core.o(i.USBD_HID_DataOut)
    USBD_HID_DeInit                          0x08007b5d   Thumb Code    26  usbd_custom_hid_core.o(i.USBD_HID_DeInit)
    USBD_HID_EP0_RxReady                     0x08007b77   Thumb Code     6  usbd_custom_hid_core.o(i.USBD_HID_EP0_RxReady)
    USBD_HID_GetCfgDesc                      0x08007b7d   Thumb Code    10  usbd_custom_hid_core.o(i.USBD_HID_GetCfgDesc)
    USBD_HID_Init                            0x08007b8d   Thumb Code    74  usbd_custom_hid_core.o(i.USBD_HID_Init)
    USBD_HID_SendReport                      0x08007bdd   Thumb Code    30  usbd_custom_hid_core.o(i.USBD_HID_SendReport)
    USBD_HID_Setup                           0x08007bfd   Thumb Code   244  usbd_custom_hid_core.o(i.USBD_HID_Setup)
    USBD_Init                                0x08007d11   Thumb Code    66  usbd_core.o(i.USBD_Init)
    USBD_ParseSetupRequest                   0x08007d53   Thumb Code    48  usbd_req.o(i.USBD_ParseSetupRequest)
    USBD_SetCfg                              0x08007e4d   Thumb Code    30  usbd_core.o(i.USBD_SetCfg)
    USBD_StdDevReq                           0x08007fa7   Thumb Code   114  usbd_req.o(i.USBD_StdDevReq)
    USBD_StdEPReq                            0x08008019   Thumb Code   340  usbd_req.o(i.USBD_StdEPReq)
    USBD_StdItfReq                           0x0800816d   Thumb Code    78  usbd_req.o(i.USBD_StdItfReq)
    USBD_USR_ConfigStrDescriptor             0x080081d5   Thumb Code    20  usbd_desc.o(i.USBD_USR_ConfigStrDescriptor)
    USBD_USR_DeviceConfigured                0x080081f9   Thumb Code     2  usbd_usr.o(i.USBD_USR_DeviceConfigured)
    USBD_USR_DeviceDescriptor                0x080081fd   Thumb Code    10  usbd_desc.o(i.USBD_USR_DeviceDescriptor)
    USBD_USR_DeviceReset                     0x0800820d   Thumb Code     2  usbd_usr.o(i.USBD_USR_DeviceReset)
    USBD_USR_DeviceResumed                   0x0800820f   Thumb Code     2  usbd_usr.o(i.USBD_USR_DeviceResumed)
    USBD_USR_DeviceSuspended                 0x08008211   Thumb Code     2  usbd_usr.o(i.USBD_USR_DeviceSuspended)
    USBD_USR_Init                            0x08008213   Thumb Code     2  usbd_usr.o(i.USBD_USR_Init)
    USBD_USR_InterfaceStrDescriptor          0x08008215   Thumb Code    20  usbd_desc.o(i.USBD_USR_InterfaceStrDescriptor)
    USBD_USR_LangIDStrDescriptor             0x0800823d   Thumb Code    10  usbd_desc.o(i.USBD_USR_LangIDStrDescriptor)
    USBD_USR_ManufacturerStrDescriptor       0x0800824d   Thumb Code    20  usbd_desc.o(i.USBD_USR_ManufacturerStrDescriptor)
    USBD_USR_ProductStrDescriptor            0x08008271   Thumb Code    20  usbd_desc.o(i.USBD_USR_ProductStrDescriptor)
    USBD_USR_SerialStrDescriptor             0x08008295   Thumb Code    10  usbd_desc.o(i.USBD_USR_SerialStrDescriptor)
    USB_BSP_EnableInterrupt                  0x080082a5   Thumb Code    24  usb_bsp.o(i.USB_BSP_EnableInterrupt)
    USB_BSP_Init                             0x080082bd   Thumb Code    20  usb_bsp.o(i.USB_BSP_Init)
    USB_IRQHandler                           0x080082d1   Thumb Code     8  stm32f0xx_it.o(i.USB_IRQHandler)
    USB_Istr                                 0x080082d9   Thumb Code   260  usb_dcd_int.o(i.USB_Istr)
    UserToPMABufferCopy                      0x08008405   Thumb Code    40  usb_core.o(i.UserToPMABufferCopy)
    __ARM_common_switch8                     0x08008431   Thumb Code    28  usbd_req.o(i.__ARM_common_switch8)
    __ARM_fpclassify                         0x0800844d   Thumb Code    40  fpclassify.o(i.__ARM_fpclassify)
    __kernel_poly                            0x08008479   Thumb Code   172  poly.o(i.__kernel_poly)
    __mathlib_dbl_divzero                    0x08008525   Thumb Code    16  dunder.o(i.__mathlib_dbl_divzero)
    __mathlib_dbl_infnan2                    0x08008539   Thumb Code     8  dunder.o(i.__mathlib_dbl_infnan2)
    __mathlib_dbl_invalid                    0x08008541   Thumb Code    16  dunder.o(i.__mathlib_dbl_invalid)
    __mathlib_dbl_overflow                   0x08008551   Thumb Code    16  dunder.o(i.__mathlib_dbl_overflow)
    __mathlib_dbl_underflow                  0x08008565   Thumb Code    14  dunder.o(i.__mathlib_dbl_underflow)
    acs2                                     0x08008579   Thumb Code    56  usart_stm.o(i.acs2)
    check_ESP                                0x080085b5   Thumb Code    76  wifi_esp8266.o(i.check_ESP)
    check_exist_CON                          0x0800863d   Thumb Code    22  wifi_esp8266.o(i.check_exist_CON)
    comport_Init                             0x08008659   Thumb Code   114  usart_stm.o(i.comport_Init)
    data_answer                              0x080086d5   Thumb Code    60  stm32f0xx_it.o(i.data_answer)
    data_transmit_clientWIFI                 0x08008721   Thumb Code   330  stm32f0xx_it.o(i.data_transmit_clientWIFI)
    disp_scrsave                             0x08008881   Thumb Code   134  tm1637.o(i.disp_scrsave)
    disp_set_mode                            0x08008919   Thumb Code   240  tm1637.o(i.disp_set_mode)
    filter_median                            0x08008a0d   Thumb Code    84  func.o(i.filter_median)
    flash_read                               0x08008a61   Thumb Code     6  main.o(i.flash_read)
    func_acs2                                0x08008a69   Thumb Code   422  wifi_esp8266.o(i.func_acs2)
    func_air_control                         0x08008c1d   Thumb Code    86  main.o(i.func_air_control)
    func_get_data_TCP                        0x08008c81   Thumb Code   838  main.o(i.func_get_data_TCP)
    func_heat                                0x08009009   Thumb Code   170  main.o(i.func_heat)
    func_synchro                             0x080090c1   Thumb Code   252  main.o(i.func_synchro)
    get_cor                                  0x080091dd   Thumb Code    22  usbd_custom_hid_core.o(i.get_cor)
    get_val_for_SET                          0x080091fd   Thumb Code   882  stm32f0xx_it.o(i.get_val_for_SET)
    getstr_BUF_USB                           0x08009599   Thumb Code   144  wifi_esp8266.o(i.getstr_BUF_USB)
    init_ADC_STM                             0x0800962d   Thumb Code    58  user_init.o(i.init_ADC_STM)
    init_PORT_ADC                            0x080096b1   Thumb Code   116  user_init.o(i.init_PORT_ADC)
    init_PORT_B                              0x0800972d   Thumb Code   146  user_init.o(i.init_PORT_B)
    init_WIFI_server                         0x080097cd   Thumb Code   824  wifi_esp8266.o(i.init_WIFI_server)
    init_constTxt                            0x08009c95   Thumb Code   218  wifi_esp8266.o(i.init_constTxt)
    init_gpio_                               0x08009dd9   Thumb Code    16  user_init.o(i.init_gpio_)
    init_out_for_SMART                       0x08009de9   Thumb Code   522  func.o(i.init_out_for_SMART)
    init_paramESP8266                        0x0800a029   Thumb Code   308  wifi_esp8266.o(i.init_paramESP8266)
    init_tmr                                 0x0800a1e5   Thumb Code    50  user_init.o(i.init_tmr)
    init_tmr16                               0x0800a225   Thumb Code    66  user_init.o(i.init_tmr16)
    init_tmr2                                0x0800a271   Thumb Code    60  user_init.o(i.init_tmr2)
    iwdg_init                                0x0800a2b5   Thumb Code    48  user_init.o(i.iwdg_init)
    led_answer                               0x0800a2ed   Thumb Code    58  main.o(i.led_answer)
    led_one_OFF                              0x0800a32d   Thumb Code     6  user_init.o(i.led_one_OFF)
    led_one_ON                               0x0800a339   Thumb Code     8  user_init.o(i.led_one_ON)
    load_DEF_setESP                          0x0800a341   Thumb Code    48  main.o(i.load_DEF_setESP)
    main                                     0x0800a37d   Thumb Code  3778  main.o(i.main)
    out_echo_from_ESP                        0x0800b275   Thumb Code   160  main.o(i.out_echo_from_ESP)
    out_temp_LCDTM1637                       0x0800b329   Thumb Code   182  tm1637.o(i.out_temp_LCDTM1637)
    pow                                      0x0800b3f1   Thumb Code  2548  pow.o(i.pow)
    programm_resetESP                        0x0800bded   Thumb Code   116  wifi_esp8266.o(i.programm_resetESP)
    read_FLASH_CORR                          0x0800bea5   Thumb Code    84  usbd_custom_hid_core.o(i.read_FLASH_CORR)
    read_modework                            0x0800bf01   Thumb Code   984  main.o(i.read_modework)
    ready_rep                                0x0800c355   Thumb Code   350  wifi_esp8266.o(i.ready_rep)
    ready_send_dataWIFI                      0x0800c4e1   Thumb Code   464  wifi_esp8266.o(i.ready_send_dataWIFI)
    ready_str_for_alarm                      0x0800c755   Thumb Code   260  main.o(i.ready_str_for_alarm)
    real_temp                                0x0800c8a1   Thumb Code  2426  func.o(i.real_temp)
    recieved_word                            0x0800d249   Thumb Code   776  wifi_esp8266.o(i.recieved_word)
    reset_ESP8266                            0x0800d5e1   Thumb Code    50  main.o(i.reset_ESP8266)
    reset_exist_connect                      0x0800d61d   Thumb Code    28  wifi_esp8266.o(i.reset_exist_connect)
    run_ADCSTM                               0x0800d641   Thumb Code    34  func.o(i.run_ADCSTM)
    save_CORR_DEF                            0x0800d669   Thumb Code   162  usbd_custom_hid_core.o(i.save_CORR_DEF)
    save_coeff_cor                           0x0800d729   Thumb Code   158  usbd_custom_hid_core.o(i.save_coeff_cor)
    save_modework                            0x0800d7d1   Thumb Code   164  main.o(i.save_modework)
    save_net                                 0x0800d889   Thumb Code   304  main.o(i.save_net)
    sendUSB_getCOM_data                      0x0800d9bd   Thumb Code    26  wifi_esp8266.o(i.sendUSB_getCOM_data)
    send_CIPSEND_mail                        0x0800d9dd   Thumb Code   432  wifi_esp8266.o(i.send_CIPSEND_mail)
    send_MAIL                                0x0800dbed   Thumb Code  1676  wifi_esp8266.o(i.send_MAIL)
    send_data_clientWIFI                     0x0800e309   Thumb Code    26  wifi_esp8266.o(i.send_data_clientWIFI)
    send_integer                             0x0800e325   Thumb Code    50  usart_stm.o(i.send_integer)
    send_str_USB                             0x0800e35d   Thumb Code   216  wifi_esp8266.o(i.send_str_USB)
    send_txt_for_BOT                         0x0800e439   Thumb Code   298  wifi_esp8266.o(i.send_txt_for_BOT)
    set_newNET                               0x0800e5d1   Thumb Code   766  wifi_esp8266.o(i.set_newNET)
    show_data                                0x0800e9d1   Thumb Code   774  stm32f0xx_it.o(i.show_data)
    size_get_bytes_from_com                  0x0800eced   Thumb Code   330  wifi_esp8266.o(i.size_get_bytes_from_com)
    sqrt                                     0x0800ee49   Thumb Code    66  sqrt.o(i.sqrt)
    start_wait_word                          0x0800ee91   Thumb Code   178  wifi_esp8266.o(i.start_wait_word)
    wait_OK                                  0x0800ef5d   Thumb Code    38  wifi_esp8266.o(i.wait_OK)
    work_ADC_STM                             0x0800ef89   Thumb Code   302  func.o(i.work_ADC_STM)
    __aeabi_cdcmpeq                          0x0800f0d5   Thumb Code     0  deqf.o(x$fpl$deqf)
    _dcmpeq                                  0x0800f0d5   Thumb Code    94  deqf.o(x$fpl$deqf)
    __aeabi_cdcmple                          0x0800f139   Thumb Code     0  dlef.o(x$fpl$dleqf)
    _dcmple                                  0x0800f139   Thumb Code    94  dlef.o(x$fpl$dleqf)
    __aeabi_cdrcmple                         0x0800f19d   Thumb Code     0  drlef.o(x$fpl$drleqf)
    _drcmple                                 0x0800f19d   Thumb Code   100  drlef.o(x$fpl$drleqf)
    __I$use$fp                               0x0800f204   Number         0  usenofp.o(x$fpl$usenofp)
    seg_data                                 0x0800f204   Data          10  tm1637.o(.constdata)
    air_segm                                 0x0800f20e   Data           4  tm1637.o(.constdata)
    heat_segm                                0x0800f212   Data           4  tm1637.o(.constdata)
    street_segm                              0x0800f216   Data           4  tm1637.o(.constdata)
    boiler_segm                              0x0800f21a   Data           4  tm1637.o(.constdata)
    COM_USART_CLK                            0x0800f220   Data           8  usart_stm.o(.constdata)
    COM_TX_PORT_CLK                          0x0800f228   Data           8  usart_stm.o(.constdata)
    COM_RX_PORT_CLK                          0x0800f230   Data           8  usart_stm.o(.constdata)
    COM_TX_PIN                               0x0800f238   Data           4  usart_stm.o(.constdata)
    COM_RX_PIN                               0x0800f23c   Data           4  usart_stm.o(.constdata)
    COM_TX_PIN_SOURCE                        0x0800f240   Data           4  usart_stm.o(.constdata)
    COM_RX_PIN_SOURCE                        0x0800f244   Data           4  usart_stm.o(.constdata)
    COM_TX_AF                                0x0800f248   Data           4  usart_stm.o(.constdata)
    COM_RX_AF                                0x0800f24c   Data           4  usart_stm.o(.constdata)
    USBD_HID_CfgDesc                         0x0800f250   Data          41  usbd_custom_hid_core.o(.constdata)
    CustomHID_ReportDescriptor               0x0800f279   Data          50  usbd_custom_hid_core.o(.constdata)
    USBD_DeviceDesc                          0x0800f2ab   Data          18  usbd_desc.o(.constdata)
    USBD_DeviceQualifierDesc                 0x0800f2bd   Data          10  usbd_desc.o(.constdata)
    USBD_LangIDDesc                          0x0800f2c7   Data           4  usbd_desc.o(.constdata)
    str_error                                0x0800f2cb   Data           5  wifi_esp8266.o(.constdata)
    __mathlib_zero                           0x0800f3d8   Data           8  qnan.o(.constdata)
    Region$$Table$$Base                      0x0800f508   Number         0  anon$$obj.o(Region$$Table)
    Region$$Table$$Limit                     0x0800f538   Number         0  anon$$obj.o(Region$$Table)
    VectorTable                              0x20000000   Data         192  main.o(.ARM.__AT_0x20000000)
    wInterrupt_Mask                          0x200000d4   Data           4  usb_dcd.o(.data)
    USBD_DCD_INT_cb                          0x200000d8   Data          36  usbd_core.o(.data)
    USBD_DCD_INT_fops                        0x200000fc   Data           4  usbd_core.o(.data)
    ADDRESS                                  0x20000100   Data           4  usbd_req.o(.data)
    int_charge                               0x20000108   Data           2  func.o(.data)
    alarm_A                                  0x20000110   Data           8  func.o(.data)
    alarm_W                                  0x20000118   Data           8  func.o(.data)
    temp_boiler                              0x20000120   Data           8  func.o(.data)
    temp_outdoor                             0x20000128   Data           8  func.o(.data)
    flag_alarm_A                             0x20000130   Data           1  func.o(.data)
    flag_alarm_W                             0x20000131   Data           1  func.o(.data)
    flag_alarm_HeaterOFF                     0x20000132   Data           1  func.o(.data)
    cur_charge                               0x20000138   Data           8  func.o(.data)
    PrevXferDone                             0x20000140   Data           1  main.o(.data)
    status_protect_flash                     0x20000141   Data           1  main.o(.data)
    flag_change_TMP                          0x20000142   Data           1  main.o(.data)
    flag_debag                               0x20000143   Data           1  main.o(.data)
    count_success_answerTCP                  0x20000144   Data           1  main.o(.data)
    delta_TMP                                0x20000146   Data           2  main.o(.data)
    ADC_stm                                  0x20000148   Data           2  main.o(.data)
    change_tmp                               0x2000014a   Data           2  main.o(.data)
    hour_for_report                          0x2000014c   Data           4  main.o(.data)
    count_alarm_letter                       0x20000150   Data           2  main.o(.data)
    count_alarm_letterW                      0x20000152   Data           2  main.o(.data)
    set_tempBoiler                           0x20000154   Data           2  main.o(.data)
    set_gisttempBoiler                       0x20000156   Data           2  main.o(.data)
    flag_work_boiler                         0x20000158   Data           1  main.o(.data)
    flag_st_heat_boiler                      0x20000159   Data           1  main.o(.data)
    dp                                       0x2000015c   Data           4  main.o(.data)
    irq_but_usb                              0x20000160   Data           4  main.o(.data)
    irq_buf                                  0x20000164   Data           4  main.o(.data)
    ss                                       0x20000168   Data           4  main.o(.data)
    count_                                   0x2000016c   Data           4  main.o(.data)
    flag_IRQ_RA0                             0x20000170   Data           4  main.o(.data)
    time_save                                0x20000174   Data           4  main.o(.data)
    flag_cmdUSB                              0x20000178   Data           1  main.o(.data)
    UP_DW                                    0x20000179   Data           1  main.o(.data)
    flag_HEAT_GAS                            0x2000017a   Data           1  main.o(.data)
    comm_INDEC                               0x2000017b   Data           1  main.o(.data)
    flag_COOL                                0x2000017c   Data           1  main.o(.data)
    flag_read_buf_COM                        0x2000017d   Data           1  main.o(.data)
    flag_sync_setTMP_tarif                   0x2000017e   Data           1  main.o(.data)
    flag_now_DAY                             0x2000017f   Data           1  main.o(.data)
    flag_paket_for_COM                       0x20000180   Data           1  main.o(.data)
    flag_answer_TCP                          0x20000181   Data           1  main.o(.data)
    flag_send_MAIL                           0x20000182   Data           1  main.o(.data)
    TIM2_period_edit                         0x20000183   Data           1  main.o(.data)
    flag_restartMC                           0x20000184   Data           1  main.o(.data)
    flag_st_heat_system                      0x20000185   Data           1  main.o(.data)
    charge_ON                                0x20000186   Data           1  main.o(.data)
    no_accum                                 0x20000187   Data           1  main.o(.data)
    flag_report_mail_debug                   0x20000188   Data           1  main.o(.data)
    time_report_mail_debug                   0x2000018c   Data           4  main.o(.data)
    usb_status_count                         0x20000190   Data           1  main.o(.data)
    data_for_mail                            0x20000194   Data           4  main.o(.data)
    CRCTable                                 0x20000198   Data        1024  main.o(.data)
    count_work_heat                          0x20000598   Data           2  stm32f0xx_it.o(.data)
    count_off_power                          0x2000059a   Data           2  stm32f0xx_it.o(.data)
    cnt_LED                                  0x2000059c   Data           2  stm32f0xx_it.o(.data)
    count_minute                             0x2000059e   Data           1  stm32f0xx_it.o(.data)
    count_ready_RST_DEF_ESP                  0x2000059f   Data           1  stm32f0xx_it.o(.data)
    end_time_wait                            0x200005a0   Data           1  stm32f0xx_it.o(.data)
    count_repeat                             0x200005a1   Data           1  stm32f0xx_it.o(.data)
    status_heat_var                          0x200005a2   Data           1  stm32f0xx_it.o(.data)
    status_power220_var                      0x200005a3   Data           1  stm32f0xx_it.o(.data)
    flag_ready_RST_ESP                       0x200005a4   Data           1  stm32f0xx_it.o(.data)
    flag_ever_hour                           0x200005a5   Data           1  stm32f0xx_it.o(.data)
    start_flag_ever_hour                     0x200005a6   Data           1  stm32f0xx_it.o(.data)
    cnt_set_mode                             0x200005a8   Data           2  stm32f0xx_it.o(.data)
    flag_set_mode                            0x200005aa   Data           1  stm32f0xx_it.o(.data)
    seconds_time                             0x200005ac   Data           4  stm32f0xx_it.o(.data)
    seconds_start_server                     0x200005b0   Data           4  stm32f0xx_it.o(.data)
    time_DAY                                 0x200005b4   Data           4  stm32f0xx_it.o(.data)
    time_NIGHT                               0x200005b8   Data           4  stm32f0xx_it.o(.data)
    ll                                       0x200005bc   Data           2  stm32f0xx_it.o(.data)
    count_answer_com                         0x200005be   Data           1  stm32f0xx_it.o(.data)
    in_comEND                                0x200005bf   Data           2  stm32f0xx_it.o(.data)
    countIN_com                              0x200005c4   Data           4  stm32f0xx_it.o(.data)
    count_comEND                             0x200005c8   Data           1  stm32f0xx_it.o(.data)
    stop_dog                                 0x200005ca   Data           2  stm32f0xx_it.o(.data)
    count_restart                            0x200005cc   Data           1  stm32f0xx_it.o(.data)
    mode_disp                                0x200005cd   Data           1  stm32f0xx_it.o(.data)
    set_mode                                 0x200005ce   Data           1  stm32f0xx_it.o(.data)
    cnt_for_outDISP                          0x200005d0   Data           2  stm32f0xx_it.o(.data)
    save_new_set_flag                        0x200005d2   Data           1  stm32f0xx_it.o(.data)
    last_temp_minus                          0x200005d3   Data           1  tm1637.o(.data)
    comport_USART                            0x200005d4   Data           4  usart_stm.o(.data)
    COM_USART                                0x200005d8   Data           8  usart_stm.o(.data)
    COM_TX_PORT                              0x200005e0   Data           8  usart_stm.o(.data)
    COM_RX_PORT                              0x200005e8   Data           8  usart_stm.o(.data)
    len_packet_COM                           0x200005f0   Data           2  usart_stm.o(.data)
    status_LED                               0x200005f4   Data           1  usbd_custom_hid_core.o(.data)
    USBD_HID_cb                              0x200005f8   Data          36  usbd_custom_hid_core.o(.data)
    USBD_HID_Report_ID                       0x2000061c   Data           1  usbd_custom_hid_core.o(.data)
    flag                                     0x2000061d   Data           1  usbd_custom_hid_core.o(.data)
    last_cmd                                 0x2000062c   Data           1  usbd_custom_hid_core.o(.data)
    count_last_cmd                           0x2000062d   Data           1  usbd_custom_hid_core.o(.data)
    tmptmp                                   0x20000630   Data           4  usbd_custom_hid_core.o(.data)
    count_debug_command                      0x20000634   Data           4  usbd_custom_hid_core.o(.data)
    USR_desc                                 0x20000638   Data          28  usbd_desc.o(.data)
    USBD_StringSerial                        0x20000654   Data          26  usbd_desc.o(.data)
    ResumeS                                  0x2000066e   Data           2  usbd_pwr.o(.data)
    USR_cb                                   0x20000670   Data          28  usbd_usr.o(.data)
    flag_getESP8266                          0x2000068c   Data           1  wifi_esp8266.o(.data)
    len_nameSSID                             0x2000068d   Data           1  wifi_esp8266.o(.data)
    count_start_dataWIFI                     0x2000068e   Data           2  wifi_esp8266.o(.data)
    length_dataWIFI                          0x20000690   Data           2  wifi_esp8266.o(.data)
    count_status_word                        0x20000692   Data           1  wifi_esp8266.o(.data)
    count_getdata_word                       0x20000693   Data           1  wifi_esp8266.o(.data)
    count_getbusy_word                       0x20000694   Data           1  wifi_esp8266.o(.data)
    count_getconnect_word                    0x20000695   Data           1  wifi_esp8266.o(.data)
    count_getclosed_word                     0x20000696   Data           1  wifi_esp8266.o(.data)
    count_get_sendOK                         0x20000697   Data           1  wifi_esp8266.o(.data)
    count_gotIP                              0x20000698   Data           1  wifi_esp8266.o(.data)
    count_req_IP                             0x20000699   Data           1  wifi_esp8266.o(.data)
    count_get_link_not_valid                 0x2000069a   Data           1  wifi_esp8266.o(.data)
    number_connect_WIFI                      0x2000069b   Data           1  wifi_esp8266.o(.data)
    all_number_connect_WIFI                  0x2000069c   Data           1  wifi_esp8266.o(.data)
    mail_from_len                            0x2000069d   Data           1  wifi_esp8266.o(.data)
    mail_from_len64                          0x2000069e   Data           1  wifi_esp8266.o(.data)
    mail_pass_len64                          0x2000069f   Data           1  wifi_esp8266.o(.data)
    mail_to_len                              0x200006a0   Data           1  wifi_esp8266.o(.data)
    mail_name_port                           0x200006a1   Data           3  wifi_esp8266.o(.data)
    mail_name_serv_len                       0x200006a4   Data           1  wifi_esp8266.o(.data)
    count_modul_disconnect                   0x200006a6   Data           2  wifi_esp8266.o(.data)
    acs2_symb                                0x200006a8   Data           8  wifi_esp8266.o(.data)
    account_mail                             0x200006b0   Data           1  wifi_esp8266.o(.data)
    RXc_last                                 0x200006b1   Data           1  wifi_esp8266.o(.data)
    flag_OK_comWIFI                          0x200006b2   Data           1  wifi_esp8266.o(.data)
    flag_initESP8266                         0x200006b3   Data           1  wifi_esp8266.o(.data)
    flag_start_get_dataCOM                   0x200006b4   Data           1  wifi_esp8266.o(.data)
    end_timeout_getdata                      0x200006b5   Data           1  wifi_esp8266.o(.data)
    flag_start_sendWIFI                      0x200006b6   Data           1  wifi_esp8266.o(.data)
    flag_wait_sendWIFI                       0x200006b7   Data           1  wifi_esp8266.o(.data)
    flag_end_sendWIFI                        0x200006b8   Data           1  wifi_esp8266.o(.data)
    flag_make_end                            0x200006b9   Data           1  wifi_esp8266.o(.data)
    flag_gotIP                               0x200006ba   Data           1  wifi_esp8266.o(.data)
    com_sendOK                               0x200006bb   Data           1  wifi_esp8266.o(.data)
    modul_ESP_connect                        0x200006bc   Data           1  wifi_esp8266.o(.data)
    start_initESP                            0x200006bd   Data           1  wifi_esp8266.o(.data)
    debug_Transmit_USB                       0x200006be   Data           1  wifi_esp8266.o(.data)
    single_connection                        0x200006bf   Data           1  wifi_esp8266.o(.data)
    flag_req_IP                              0x200006c0   Data           1  wifi_esp8266.o(.data)
    flag_req_IP_end                          0x200006c1   Data           1  wifi_esp8266.o(.data)
    execute_new_net                          0x200006c2   Data           1  wifi_esp8266.o(.data)
    count_word_ip                            0x200006c3   Data           1  wifi_esp8266.o(.data)
    flag_start_count_wordIP                  0x200006c4   Data           1  wifi_esp8266.o(.data)
    txt_pole_len                             0x200006c5   Data           6  wifi_esp8266.o(.data)
    count_bait_err                           0x200006cb   Data           1  wifi_esp8266.o(.data)
    flag_er_command                          0x200006cc   Data           1  wifi_esp8266.o(.data)
    len_word                                 0x200006ce   Data           2  wifi_esp8266.o(.data)
    count_len_word                           0x200006d0   Data           2  wifi_esp8266.o(.data)
    wait_word                                0x200006d2   Data           1  wifi_esp8266.o(.data)
    wait_word_got                            0x200006d3   Data           1  wifi_esp8266.o(.data)
    strword                                  0x200006d4   Data          36  wifi_esp8266.o(.data)
    USBD_StrDesc                             0x200006f8   Data          64  usbd_req.o(.bss)
    buffer_ADC                               0x20000738   Data         400  func.o(.bss)
    out_for_SMART                            0x200008c8   Data          40  func.o(.bss)
    dataINint                                0x200008f0   Data         136  func.o(.bss)
    buf_data                                 0x20000978   Data          64  func.o(.bss)
    Send_Buffer                              0x200009b8   Data          64  main.o(.bss)
    corr_coeff                               0x200009f8   Data          64  main.o(.bss)
    dim_for_SMART                            0x20000a38   Data         192  main.o(.bss)
    buf_mail                                 0x20000af8   Data         144  main.o(.bss)
    data_OUT_COM                             0x20000b88   Data         192  main.o(.bss)
    data_from_soft                           0x20000c48   Data         260  main.o(.bss)
    damp                                     0x20000d4c   Data         192  main.o(.bss)
    USB_Device_dev                           0x20000e0c   Data         208  main.o(.bss)
    PARAM                                    0x20000edc   Data          32  stm32f0xx_it.o(.bss)
    in_comPORT                               0x20000efc   Data         300  stm32f0xx_it.o(.bss)
    acs2_data                                0x20001028   Data          20  usart_stm.o(.bss)
    buf_COEFF                                0x2000103c   Data        1024  usbd_custom_hid_core.o(.bss)
    Report_buf                               0x2000143c   Data          64  usbd_custom_hid_core.o(.bss)
    init_param                               0x20001480   Data         158  wifi_esp8266.o(.bss)
    mail_from                                0x2000151e   Data          40  wifi_esp8266.o(.bss)
    mail_from64                              0x20001546   Data          32  wifi_esp8266.o(.bss)
    mail_pass64                              0x20001566   Data          28  wifi_esp8266.o(.bss)
    mail_to                                  0x20001582   Data          40  wifi_esp8266.o(.bss)
    mail_name_serv                           0x200015aa   Data          30  wifi_esp8266.o(.bss)
    dim_data_fromESP                         0x200015c8   Data         260  wifi_esp8266.o(.bss)
    exist_connect                            0x200016cc   Data          10  wifi_esp8266.o(.bss)
    ip_adr_getESP                            0x200016d6   Data          20  wifi_esp8266.o(.bss)
    rep_day                                  0x200016f0   Data        1152  wifi_esp8266.o(.bss)
    txt_pole                                 0x20001b70   Data         204  wifi_esp8266.o(.bss)
    txt_mail                                 0x20001c3c   Data        3000  wifi_esp8266.o(.bss)
    receive_word                             0x200027f4   Data          12  wifi_esp8266.o(.bss)
    __libspace_start                         0x20002800   Data          96  libspace.o(.bss)
    __temporary_stack_top$libspace           0x20002860   Data           0  libspace.o(.bss)



==============================================================================

Memory Map of the image

  Image Entry point : 0x080040c1

  Load Region LR_IROM1 (Base: 0x08004000, Size: 0x0000bb6c, Max: 0x0000c000, ABSOLUTE, COMPRESSED[0x0000b9f0])

    Execution Region ER_IROM1 (Exec base: 0x08004000, Load base: 0x08004000, Size: 0x0000b538, Max: 0x0000c000, ABSOLUTE)

    Exec Addr    Load Addr    Size         Type   Attr      Idx    E Section Name        Object

    0x08004000   0x08004000   0x000000c0   Data   RO            3    RESET               startup_stm32f072.o
    0x080040c0   0x080040c0   0x00000008   Code   RO         5556  * !!!main             c_p.l(__main.o)
    0x080040c8   0x080040c8   0x0000003c   Code   RO         5805    !!!scatter          c_p.l(__scatter.o)
    0x08004104   0x08004104   0x0000001c   Code   RO         5807    !!handler_zi        c_p.l(__scatter_zi.o)
    0x08004120   0x08004120   0x00000002   Code   RO         5673    .ARM.Collect$$libinit$$00000000  c_p.l(libinit.o)
    0x08004122   0x08004122   0x00000000   Code   RO         5686    .ARM.Collect$$libinit$$00000002  c_p.l(libinit2.o)
    0x08004122   0x08004122   0x00000000   Code   RO         5688    .ARM.Collect$$libinit$$00000004  c_p.l(libinit2.o)
    0x08004122   0x08004122   0x00000000   Code   RO         5691    .ARM.Collect$$libinit$$0000000A  c_p.l(libinit2.o)
    0x08004122   0x08004122   0x00000000   Code   RO         5693    .ARM.Collect$$libinit$$0000000C  c_p.l(libinit2.o)
    0x08004122   0x08004122   0x00000000   Code   RO         5695    .ARM.Collect$$libinit$$0000000E  c_p.l(libinit2.o)
    0x08004122   0x08004122   0x00000000   Code   RO         5698    .ARM.Collect$$libinit$$00000011  c_p.l(libinit2.o)
    0x08004122   0x08004122   0x00000000   Code   RO         5700    .ARM.Collect$$libinit$$00000013  c_p.l(libinit2.o)
    0x08004122   0x08004122   0x00000000   Code   RO         5702    .ARM.Collect$$libinit$$00000015  c_p.l(libinit2.o)
    0x08004122   0x08004122   0x00000000   Code   RO         5704    .ARM.Collect$$libinit$$00000017  c_p.l(libinit2.o)
    0x08004122   0x08004122   0x00000000   Code   RO         5706    .ARM.Collect$$libinit$$00000019  c_p.l(libinit2.o)
    0x08004122   0x08004122   0x00000000   Code   RO         5708    .ARM.Collect$$libinit$$0000001B  c_p.l(libinit2.o)
    0x08004122   0x08004122   0x00000000   Code   RO         5710    .ARM.Collect$$libinit$$0000001D  c_p.l(libinit2.o)
    0x08004122   0x08004122   0x00000000   Code   RO         5712    .ARM.Collect$$libinit$$0000001F  c_p.l(libinit2.o)
    0x08004122   0x08004122   0x00000000   Code   RO         5714    .ARM.Collect$$libinit$$00000021  c_p.l(libinit2.o)
    0x08004122   0x08004122   0x00000000   Code   RO         5716    .ARM.Collect$$libinit$$00000023  c_p.l(libinit2.o)
    0x08004122   0x08004122   0x00000000   Code   RO         5718    .ARM.Collect$$libinit$$00000025  c_p.l(libinit2.o)
    0x08004122   0x08004122   0x00000000   Code   RO         5722    .ARM.Collect$$libinit$$0000002C  c_p.l(libinit2.o)
    0x08004122   0x08004122   0x00000000   Code   RO         5724    .ARM.Collect$$libinit$$0000002E  c_p.l(libinit2.o)
    0x08004122   0x08004122   0x00000000   Code   RO         5726    .ARM.Collect$$libinit$$00000030  c_p.l(libinit2.o)
    0x08004122   0x08004122   0x00000000   Code   RO         5728    .ARM.Collect$$libinit$$00000032  c_p.l(libinit2.o)
    0x08004122   0x08004122   0x00000002   Code   RO         5729    .ARM.Collect$$libinit$$00000033  c_p.l(libinit2.o)
    0x08004124   0x08004124   0x00000002   Code   RO         5760    .ARM.Collect$$libshutdown$$00000000  c_p.l(libshutdown.o)
    0x08004126   0x08004126   0x00000000   Code   RO         5786    .ARM.Collect$$libshutdown$$00000002  c_p.l(libshutdown2.o)
    0x08004126   0x08004126   0x00000000   Code   RO         5788    .ARM.Collect$$libshutdown$$00000004  c_p.l(libshutdown2.o)
    0x08004126   0x08004126   0x00000000   Code   RO         5791    .ARM.Collect$$libshutdown$$00000007  c_p.l(libshutdown2.o)
    0x08004126   0x08004126   0x00000000   Code   RO         5794    .ARM.Collect$$libshutdown$$0000000A  c_p.l(libshutdown2.o)
    0x08004126   0x08004126   0x00000000   Code   RO         5796    .ARM.Collect$$libshutdown$$0000000C  c_p.l(libshutdown2.o)
    0x08004126   0x08004126   0x00000000   Code   RO         5799    .ARM.Collect$$libshutdown$$0000000F  c_p.l(libshutdown2.o)
    0x08004126   0x08004126   0x00000002   Code   RO         5800    .ARM.Collect$$libshutdown$$00000010  c_p.l(libshutdown2.o)
    0x08004128   0x08004128   0x00000000   Code   RO         5597    .ARM.Collect$$rtentry$$00000000  c_p.l(__rtentry.o)
    0x08004128   0x08004128   0x00000000   Code   RO         5631    .ARM.Collect$$rtentry$$00000002  c_p.l(__rtentry2.o)
    0x08004128   0x08004128   0x00000006   Code   RO         5643    .ARM.Collect$$rtentry$$00000004  c_p.l(__rtentry4.o)
    0x0800412e   0x0800412e   0x00000000   Code   RO         5633    .ARM.Collect$$rtentry$$00000009  c_p.l(__rtentry2.o)
    0x0800412e   0x0800412e   0x00000004   Code   RO         5634    .ARM.Collect$$rtentry$$0000000A  c_p.l(__rtentry2.o)
    0x08004132   0x08004132   0x00000000   Code   RO         5636    .ARM.Collect$$rtentry$$0000000C  c_p.l(__rtentry2.o)
    0x08004132   0x08004132   0x00000008   Code   RO         5637    .ARM.Collect$$rtentry$$0000000D  c_p.l(__rtentry2.o)
    0x0800413a   0x0800413a   0x00000002   Code   RO         5677    .ARM.Collect$$rtexit$$00000000  c_p.l(rtexit.o)
    0x0800413c   0x0800413c   0x00000000   Code   RO         5733    .ARM.Collect$$rtexit$$00000002  c_p.l(rtexit2.o)
    0x0800413c   0x0800413c   0x00000004   Code   RO         5734    .ARM.Collect$$rtexit$$00000003  c_p.l(rtexit2.o)
    0x08004140   0x08004140   0x00000006   Code   RO         5735    .ARM.Collect$$rtexit$$00000004  c_p.l(rtexit2.o)
    0x08004146   0x08004146   0x00000002   PAD
    0x08004148   0x08004148   0x00000038   Code   RO         5544    .emb_text           c_p.l(rt_memcpy.o)
    0x08004180   0x08004180   0x00000038   Code   RO            4    .text               startup_stm32f072.o
    0x080041b8   0x080041b8   0x00000044   Code   RO         5542    .text               c_p.l(strlen.o)
    0x080041fc   0x080041fc   0x00000040   Code   RO         5548    .text               c_p.l(rt_memclr.o)
    0x0800423c   0x0800423c   0x0000015a   Code   RO         5550    .text               c_p.l(aeabi_sdiv.o)
    0x08004396   0x08004396   0x00000006   Code   RO         5554    .text               c_p.l(heapauxi.o)
    0x0800439c   0x0800439c   0x00000358   Code   RO         5558    .text               fz_ps.l(daddsub.o)
    0x080046f4   0x080046f4   0x00000448   Code   RO         5560    .text               fz_ps.l(ddiv.o)
    0x08004b3c   0x08004b3c   0x0000006c   Code   RO         5565    .text               fz_ps.l(dfixi.o)
    0x08004ba8   0x08004ba8   0x00000048   Code   RO         5567    .text               fz_ps.l(dfixui.o)
    0x08004bf0   0x08004bf0   0x00000058   Code   RO         5569    .text               fz_ps.l(dflti.o)
    0x08004c48   0x08004c48   0x00000248   Code   RO         5575    .text               fz_ps.l(dmul.o)
    0x08004e90   0x08004e90   0x00000016   Code   RO         5602    .text               c_p.l(_rserrno.o)
    0x08004ea6   0x08004ea6   0x00000002   PAD
    0x08004ea8   0x08004ea8   0x00000090   Code   RO         5604    .text               fz_ps.l(dcmpin.o)
    0x08004f38   0x08004f38   0x00000060   Code   RO         5606    .text               fz_ps.l(dscalbn.o)
    0x08004f98   0x08004f98   0x00000100   Code   RO         5608    .text               fz_ps.l(dsqrt.o)
    0x08005098   0x08005098   0x00000008   Code   RO         5650    .text               c_p.l(rt_errno_addr_intlibspace.o)
    0x080050a0   0x080050a0   0x0000002e   Code   RO         5652    .text               fz_ps.l(cmpret.o)
    0x080050ce   0x080050ce   0x00000002   PAD
    0x080050d0   0x080050d0   0x00000014   Code   RO         5654    .text               fz_ps.l(dnan2.o)
    0x080050e4   0x080050e4   0x00000008   Code   RO         5656    .text               c_p.l(libspace.o)
    0x080050ec   0x080050ec   0x0000003e   Code   RO         5659    .text               c_p.l(sys_stackheap_outer.o)
    0x0800512a   0x0800512a   0x00000010   Code   RO         5662    .text               c_p.l(exit.o)
    0x0800513a   0x0800513a   0x0000005e   Code   RO         5674    .text               fz_ps.l(retnan.o)
    0x08005198   0x08005198   0x0000000c   Code   RO         5730    .text               c_p.l(sys_exit.o)
    0x080051a4   0x080051a4   0x00000002   Code   RO         5749    .text               c_p.l(use_no_semi.o)
    0x080051a6   0x080051a6   0x00000000   Code   RO         5751    .text               c_p.l(indicate_semi.o)
    0x080051a6   0x080051a6   0x00000056   Code   RO         5803    .text               c_p.l(__dczerorl2.o)
    0x080051fc   0x080051fc   0x00000018   Code   RO           17    i.ADC_ChannelConfig  stm32f0xx_adc.o
    0x08005214   0x08005214   0x00000018   Code   RO           21    i.ADC_Cmd           stm32f0xx_adc.o
    0x0800522c   0x0800522c   0x0000003c   Code   RO           27    i.ADC_GetCalibrationFactor  stm32f0xx_adc.o
    0x08005268   0x08005268   0x00000008   Code   RO           28    i.ADC_GetConversionValue  stm32f0xx_adc.o
    0x08005270   0x08005270   0x00000030   Code   RO           29    i.ADC_GetFlagStatus  stm32f0xx_adc.o
    0x080052a0   0x080052a0   0x0000000a   Code   RO           35    i.ADC_StartOfConversion  stm32f0xx_adc.o
    0x080052aa   0x080052aa   0x00000010   Code   RO           37    i.ADC_StructInit    stm32f0xx_adc.o
    0x080052ba   0x080052ba   0x00000002   PAD
    0x080052bc   0x080052bc   0x00000338   Code   RO         4159    i.CTR               usb_dcd_int.o
    0x080055f4   0x080055f4   0x00000016   Code   RO         4524    i.CalculateCRC      main.o
    0x0800560a   0x0800560a   0x00000002   PAD
    0x0800560c   0x0800560c   0x00000038   Code   RO         3677    i.ClearDTOG_RX      usb_core.o
    0x08005644   0x08005644   0x00000038   Code   RO         3678    i.ClearDTOG_TX      usb_core.o
    0x0800567c   0x0800567c   0x00000018   Code   RO         4055    i.DCD_DevConnect    usb_dcd.o
    0x08005694   0x08005694   0x000000a8   Code   RO         4057    i.DCD_EP_Close      usb_dcd.o
    0x0800573c   0x0800573c   0x0000005a   Code   RO         4058    i.DCD_EP_ClrStall   usb_dcd.o
    0x08005796   0x08005796   0x0000014a   Code   RO         4059    i.DCD_EP_Open       usb_dcd.o
    0x080058e0   0x080058e0   0x00000072   Code   RO         4060    i.DCD_EP_PrepareRx  usb_dcd.o
    0x08005952   0x08005952   0x00000002   PAD
    0x08005954   0x08005954   0x0000004c   Code   RO         4061    i.DCD_EP_SetAddress  usb_dcd.o
    0x080059a0   0x080059a0   0x00000090   Code   RO         4062    i.DCD_EP_Stall      usb_dcd.o
    0x08005a30   0x08005a30   0x000000b4   Code   RO         4063    i.DCD_EP_Tx         usb_dcd.o
    0x08005ae4   0x08005ae4   0x0000003c   Code   RO         4065    i.DCD_Init          usb_dcd.o
    0x08005b20   0x08005b20   0x00000046   Code   RO         4066    i.DCD_PMA_Config    usb_dcd.o
    0x08005b66   0x08005b66   0x00000002   PAD
    0x08005b68   0x08005b68   0x00000034   Code   RO         4525    i.Delay             main.o
    0x08005b9c   0x08005b9c   0x00000022   Code   RO         4526    i.DelaymS           main.o
    0x08005bbe   0x08005bbe   0x0000002e   Code   RO         4527    i.DelayuS           main.o
    0x08005bec   0x08005bec   0x0000000a   Code   RO         4682    i.EXTI0_1_IRQHandler  stm32f0xx_it.o
    0x08005bf6   0x08005bf6   0x00000002   PAD
    0x08005bf8   0x08005bf8   0x000000ac   Code   RO         4683    i.EXTI4_15_IRQHandler  stm32f0xx_it.o
    0x08005ca4   0x08005ca4   0x0000000c   Code   RO         1100    i.EXTI_ClearITPendingBit  stm32f0xx_exti.o
    0x08005cb0   0x08005cb0   0x0000004c   Code   RO         1163    i.FLASH_ErasePage   stm32f0xx_flash.o
    0x08005cfc   0x08005cfc   0x0000003c   Code   RO         1166    i.FLASH_GetStatus   stm32f0xx_flash.o
    0x08005d38   0x08005d38   0x00000014   Code   RO         1168    i.FLASH_Lock        stm32f0xx_flash.o
    0x08005d4c   0x08005d4c   0x0000006c   Code   RO         1188    i.FLASH_ProgramWord  stm32f0xx_flash.o
    0x08005db8   0x08005db8   0x00000024   Code   RO         1190    i.FLASH_Unlock      stm32f0xx_flash.o
    0x08005ddc   0x08005ddc   0x00000028   Code   RO         1191    i.FLASH_WaitForLastOperation  stm32f0xx_flash.o
    0x08005e04   0x08005e04   0x00000050   Code   RO         3684    i.FreeUserBuffer    usb_core.o
    0x08005e54   0x08005e54   0x00000090   Code   RO         1362    i.GPIO_Init         stm32f0xx_gpio.o
    0x08005ee4   0x08005ee4   0x00000044   Code   RO         1363    i.GPIO_PinAFConfig  stm32f0xx_gpio.o
    0x08005f28   0x08005f28   0x00000014   Code   RO         1366    i.GPIO_ReadInputDataBit  stm32f0xx_gpio.o
    0x08005f3c   0x08005f3c   0x00000014   Code   RO         3688    i.GetENDPOINT       usb_core.o
    0x08005f50   0x08005f50   0x00000024   Code   RO         3691    i.GetEPDblBuf0Count  usb_core.o
    0x08005f74   0x08005f74   0x00000024   Code   RO         3693    i.GetEPDblBuf1Count  usb_core.o
    0x08005f98   0x08005f98   0x00000024   Code   RO         3696    i.GetEPRxCount      usb_core.o
    0x08005fbc   0x08005fbc   0x00000024   Code   RO         3699    i.GetEPTxCount      usb_core.o
    0x08005fe0   0x08005fe0   0x00000030   Code   RO         5123    i.Get_SerialNum     usbd_desc.o
    0x08006010   0x08006010   0x0000002c   Code   RO         4684    i.HardFault_Handler  stm32f0xx_it.o
    0x0800603c   0x0800603c   0x00000010   Code   RO         1719    i.IWDG_Enable       stm32f0xx_iwdg.o
    0x0800604c   0x0800604c   0x00000010   Code   RO         1721    i.IWDG_ReloadCounter  stm32f0xx_iwdg.o
    0x0800605c   0x0800605c   0x0000000c   Code   RO         1722    i.IWDG_SetPrescaler  stm32f0xx_iwdg.o
    0x08006068   0x08006068   0x0000000c   Code   RO         1723    i.IWDG_SetReload    stm32f0xx_iwdg.o
    0x08006074   0x08006074   0x0000000c   Code   RO         1725    i.IWDG_WriteAccessCmd  stm32f0xx_iwdg.o
    0x08006080   0x08006080   0x00000036   Code   RO         5124    i.IntToUnicode      usbd_desc.o
    0x080060b6   0x080060b6   0x00000002   Code   RO         4685    i.NMI_Handler       stm32f0xx_it.o
    0x080060b8   0x080060b8   0x00000014   Code   RO         4920    i.NVIC_EnableIRQ    usart_stm.o
    0x080060cc   0x080060cc   0x00000014   Code   RO         5290    i.NVIC_EnableIRQ    user_init.o
    0x080060e0   0x080060e0   0x00000070   Code   RO         1775    i.NVIC_Init         stm32f0xx_misc.o
    0x08006150   0x08006150   0x00000078   Code   RO         5291    i.NVIC_SetPriority  user_init.o
    0x080061c8   0x080061c8   0x0000001c   Code   RO         4686    i.NVIC_SystemReset  stm32f0xx_it.o
    0x080061e4   0x080061e4   0x00000024   Code   RO         3706    i.PMAToUserBufferCopy  usb_core.o
    0x08006208   0x08006208   0x00000002   Code   RO         4687    i.PendSV_Handler    stm32f0xx_it.o
    0x0800620a   0x0800620a   0x00000002   PAD
    0x0800620c   0x0800620c   0x00000020   Code   RO         1882    i.RCC_AHBPeriphClockCmd  stm32f0xx_rcc.o
    0x0800622c   0x0800622c   0x00000020   Code   RO         1884    i.RCC_APB1PeriphClockCmd  stm32f0xx_rcc.o
    0x0800624c   0x0800624c   0x00000020   Code   RO         1886    i.RCC_APB2PeriphClockCmd  stm32f0xx_rcc.o
    0x0800626c   0x0800626c   0x00000020   Code   RO         1887    i.RCC_APB2PeriphResetCmd  stm32f0xx_rcc.o
    0x0800628c   0x0800628c   0x000001f0   Code   RO         1896    i.RCC_GetClocksFreq  stm32f0xx_rcc.o
    0x0800647c   0x0800647c   0x00000048   Code   RO         1897    i.RCC_GetFlagStatus  stm32f0xx_rcc.o
    0x080064c4   0x080064c4   0x00000024   Code   RO         1910    i.RCC_LSICmd        stm32f0xx_rcc.o
    0x080064e8   0x080064e8   0x0000001c   Code   RO         1920    i.RCC_USBCLKConfig  stm32f0xx_rcc.o
    0x08006504   0x08006504   0x00000018   Code   RO         5022    i.ResetKey          usbd_custom_hid_core.o
    0x0800651c   0x0800651c   0x000000d4   Code   RO         5200    i.Resume            usbd_pwr.o
    0x080065f0   0x080065f0   0x00000020   Code   RO         5201    i.Resume_Init       usbd_pwr.o
    0x08006610   0x08006610   0x000000e0   Code   RO         4921    i.STM_EVAL_COMInit  usart_stm.o
    0x080066f0   0x080066f0   0x00000002   Code   RO         4688    i.SVC_Handler       stm32f0xx_it.o
    0x080066f2   0x080066f2   0x00000002   PAD
    0x080066f4   0x080066f4   0x0000001c   Code   RO         2684    i.SYSCFG_MemoryRemapConfig  stm32f0xx_syscfg.o
    0x08006710   0x08006710   0x00000024   Code   RO         4922    i.SerialPutChar     usart_stm.o
    0x08006734   0x08006734   0x00000016   Code   RO         4923    i.Serial_PutString  usart_stm.o
    0x0800674a   0x0800674a   0x00000002   PAD
    0x0800674c   0x0800674c   0x00000014   Code   RO         3707    i.SetBTABLE         usb_core.o
    0x08006760   0x08006760   0x0000000c   Code   RO         3708    i.SetCNTR           usb_core.o
    0x0800676c   0x0800676c   0x00000038   Code   RO         3718    i.SetEPDblBuffAddr  usb_core.o
    0x080067a4   0x080067a4   0x000000cc   Code   RO         3719    i.SetEPDblBuffCount  usb_core.o
    0x08006870   0x08006870   0x0000002c   Code   RO         3720    i.SetEPDoubleBuff   usb_core.o
    0x0800689c   0x0800689c   0x00000024   Code   RO         3721    i.SetEPRxAddr       usb_core.o
    0x080068c0   0x080068c0   0x00000050   Code   RO         3722    i.SetEPRxCount      usb_core.o
    0x08006910   0x08006910   0x0000004c   Code   RO         3723    i.SetEPRxStatus     usb_core.o
    0x0800695c   0x0800695c   0x00000020   Code   RO         3725    i.SetEPTxAddr       usb_core.o
    0x0800697c   0x0800697c   0x0000001c   Code   RO         3726    i.SetEPTxCount      usb_core.o
    0x08006998   0x08006998   0x00000044   Code   RO         3727    i.SetEPTxStatus     usb_core.o
    0x080069dc   0x080069dc   0x00000024   Code   RO         3729    i.SetEPType         usb_core.o
    0x08006a00   0x08006a00   0x0000000c   Code   RO         3731    i.SetISTR           usb_core.o
    0x08006a0c   0x08006a0c   0x000000d8   Code   RO         4805    i.SetSysClock       system_stm32f0xx.o
    0x08006ae4   0x08006ae4   0x00000020   Code   RO         5202    i.Suspend           usbd_pwr.o
    0x08006b04   0x08006b04   0x00000002   Code   RO         4689    i.SysTick_Handler   stm32f0xx_it.o
    0x08006b06   0x08006b06   0x00000002   PAD
    0x08006b08   0x08006b08   0x00000080   Code   RO         4807    i.SystemInit        system_stm32f0xx.o
    0x08006b88   0x08006b88   0x000001e4   Code   RO         4690    i.TIM16_IRQHandler  stm32f0xx_it.o
    0x08006d6c   0x08006d6c   0x0000020c   Code   RO         4691    i.TIM2_IRQHandler   stm32f0xx_it.o
    0x08006f78   0x08006f78   0x0000007c   Code   RO         4692    i.TIM3_IRQHandler   stm32f0xx_it.o
    0x08006ff4   0x08006ff4   0x0000001c   Code   RO         2743    i.TIM_ARRPreloadConfig  stm32f0xx_tim.o
    0x08007010   0x08007010   0x00000006   Code   RO         2750    i.TIM_ClearITPendingBit  stm32f0xx_tim.o
    0x08007016   0x08007016   0x00000002   PAD
    0x08007018   0x08007018   0x0000001c   Code   RO         2755    i.TIM_Cmd           stm32f0xx_tim.o
    0x08007034   0x08007034   0x00000014   Code   RO         2780    i.TIM_ITConfig      stm32f0xx_tim.o
    0x08007048   0x08007048   0x0000007c   Code   RO         2828    i.TIM_TimeBaseInit  stm32f0xx_tim.o
    0x080070c4   0x080070c4   0x00000012   Code   RO         2829    i.TIM_TimeBaseStructInit  stm32f0xx_tim.o
    0x080070d6   0x080070d6   0x0000001a   Code   RO         4842    i.TM1637_clear      tm1637.o
    0x080070f0   0x080070f0   0x0000003e   Code   RO         4843    i.TM1637_display_segments  tm1637.o
    0x0800712e   0x0800712e   0x00000002   PAD
    0x08007130   0x08007130   0x0000003c   Code   RO         4844    i.TM1637_init       tm1637.o
    0x0800716c   0x0800716c   0x00000014   Code   RO         4845    i.TM1637_send_command  tm1637.o
    0x08007180   0x08007180   0x00000038   Code   RO         4846    i.TM1637_start      tm1637.o
    0x080071b8   0x080071b8   0x00000054   Code   RO         4847    i.TM1637_stop       tm1637.o
    0x0800720c   0x0800720c   0x000000f8   Code   RO         4848    i.TM1637_write_byte  tm1637.o
    0x08007304   0x08007304   0x00000028   Code   RO         3733    i.ToggleDTOG_RX     usb_core.o
    0x0800732c   0x0800732c   0x00000028   Code   RO         3734    i.ToggleDTOG_TX     usb_core.o
    0x08007354   0x08007354   0x000000c4   Code   RO         4693    i.USART2_IRQHandler  stm32f0xx_it.o
    0x08007418   0x08007418   0x00000018   Code   RO         3314    i.USART_Cmd         stm32f0xx_usart.o
    0x08007430   0x08007430   0x00000014   Code   RO         3322    i.USART_GetFlagStatus  stm32f0xx_usart.o
    0x08007444   0x08007444   0x000000e8   Code   RO         3326    i.USART_Init        stm32f0xx_usart.o
    0x0800752c   0x0800752c   0x0000000a   Code   RO         3338    i.USART_ReceiveData  stm32f0xx_usart.o
    0x08007536   0x08007536   0x00000008   Code   RO         3343    i.USART_SendData    stm32f0xx_usart.o
    0x0800753e   0x0800753e   0x00000016   Code   RO         4200    i.USBD_ClrCfg       usbd_core.o
    0x08007554   0x08007554   0x00000040   Code   RO         4355    i.USBD_ClrFeature   usbd_req.o
    0x08007594   0x08007594   0x0000001a   Code   RO         4299    i.USBD_CtlContinueRx  usbd_ioreq.o
    0x080075ae   0x080075ae   0x0000001a   Code   RO         4300    i.USBD_CtlContinueSendData  usbd_ioreq.o
    0x080075c8   0x080075c8   0x00000010   Code   RO         4356    i.USBD_CtlError     usbd_req.o
    0x080075d8   0x080075d8   0x00000026   Code   RO         4301    i.USBD_CtlPrepareRx  usbd_ioreq.o
    0x080075fe   0x080075fe   0x0000001a   Code   RO         4302    i.USBD_CtlReceiveStatus  usbd_ioreq.o
    0x08007618   0x08007618   0x00000022   Code   RO         4303    i.USBD_CtlSendData  usbd_ioreq.o
    0x0800763a   0x0800763a   0x0000001a   Code   RO         4304    i.USBD_CtlSendStatus  usbd_ioreq.o
    0x08007654   0x08007654   0x000000c4   Code   RO         4201    i.USBD_DataInStage  usbd_core.o
    0x08007718   0x08007718   0x00000080   Code   RO         4202    i.USBD_DataOutStage  usbd_core.o
    0x08007798   0x08007798   0x00000006   Code   RO         4203    i.USBD_DeInit       usbd_core.o
    0x0800779e   0x0800779e   0x0000004c   Code   RO         4357    i.USBD_GetConfig    usbd_req.o
    0x080077ea   0x080077ea   0x00000118   Code   RO         4358    i.USBD_GetDescriptor  usbd_req.o
    0x08007902   0x08007902   0x00000014   Code   RO         4359    i.USBD_GetLen       usbd_req.o
    0x08007916   0x08007916   0x00000044   Code   RO         4360    i.USBD_GetStatus    usbd_req.o
    0x0800795a   0x0800795a   0x0000004e   Code   RO         4361    i.USBD_GetString    usbd_req.o
    0x080079a8   0x080079a8   0x00000014   Code   RO         5023    i.USBD_HID_DataIn   usbd_custom_hid_core.o
    0x080079bc   0x080079bc   0x000001a0   Code   RO         5024    i.USBD_HID_DataOut  usbd_custom_hid_core.o
    0x08007b5c   0x08007b5c   0x0000001a   Code   RO         5025    i.USBD_HID_DeInit   usbd_custom_hid_core.o
    0x08007b76   0x08007b76   0x00000006   Code   RO         5026    i.USBD_HID_EP0_RxReady  usbd_custom_hid_core.o
    0x08007b7c   0x08007b7c   0x00000010   Code   RO         5027    i.USBD_HID_GetCfgDesc  usbd_custom_hid_core.o
    0x08007b8c   0x08007b8c   0x00000050   Code   RO         5028    i.USBD_HID_Init     usbd_custom_hid_core.o
    0x08007bdc   0x08007bdc   0x0000001e   Code   RO         5029    i.USBD_HID_SendReport  usbd_custom_hid_core.o
    0x08007bfa   0x08007bfa   0x00000002   PAD
    0x08007bfc   0x08007bfc   0x00000114   Code   RO         5030    i.USBD_HID_Setup    usbd_custom_hid_core.o
    0x08007d10   0x08007d10   0x00000042   Code   RO         4204    i.USBD_Init         usbd_core.o
    0x08007d52   0x08007d52   0x00000030   Code   RO         4362    i.USBD_ParseSetupRequest  usbd_req.o
    0x08007d82   0x08007d82   0x00000046   Code   RO         4205    i.USBD_Reset        usbd_core.o
    0x08007dc8   0x08007dc8   0x00000014   Code   RO         4206    i.USBD_Resume       usbd_core.o
    0x08007ddc   0x08007ddc   0x0000001c   Code   RO         4207    i.USBD_SOF          usbd_core.o
    0x08007df8   0x08007df8   0x00000054   Code   RO         4363    i.USBD_SetAddress   usbd_req.o
    0x08007e4c   0x08007e4c   0x0000001e   Code   RO         4208    i.USBD_SetCfg       usbd_core.o
    0x08007e6a   0x08007e6a   0x00000002   PAD
    0x08007e6c   0x08007e6c   0x000000c0   Code   RO         4364    i.USBD_SetConfig    usbd_req.o
    0x08007f2c   0x08007f2c   0x00000022   Code   RO         4365    i.USBD_SetFeature   usbd_req.o
    0x08007f4e   0x08007f4e   0x00000058   Code   RO         4209    i.USBD_SetupStage   usbd_core.o
    0x08007fa6   0x08007fa6   0x00000072   Code   RO         4366    i.USBD_StdDevReq    usbd_req.o
    0x08008018   0x08008018   0x00000154   Code   RO         4367    i.USBD_StdEPReq     usbd_req.o
    0x0800816c   0x0800816c   0x0000004e   Code   RO         4368    i.USBD_StdItfReq    usbd_req.o
    0x080081ba   0x080081ba   0x00000018   Code   RO         4210    i.USBD_Suspend      usbd_core.o
    0x080081d2   0x080081d2   0x00000002   PAD
    0x080081d4   0x080081d4   0x00000024   Code   RO         5125    i.USBD_USR_ConfigStrDescriptor  usbd_desc.o
    0x080081f8   0x080081f8   0x00000002   Code   RO         5240    i.USBD_USR_DeviceConfigured  usbd_usr.o
    0x080081fa   0x080081fa   0x00000002   PAD
    0x080081fc   0x080081fc   0x00000010   Code   RO         5126    i.USBD_USR_DeviceDescriptor  usbd_desc.o
    0x0800820c   0x0800820c   0x00000002   Code   RO         5241    i.USBD_USR_DeviceReset  usbd_usr.o
    0x0800820e   0x0800820e   0x00000002   Code   RO         5242    i.USBD_USR_DeviceResumed  usbd_usr.o
    0x08008210   0x08008210   0x00000002   Code   RO         5243    i.USBD_USR_DeviceSuspended  usbd_usr.o
    0x08008212   0x08008212   0x00000002   Code   RO         5244    i.USBD_USR_Init     usbd_usr.o
    0x08008214   0x08008214   0x00000028   Code   RO         5127    i.USBD_USR_InterfaceStrDescriptor  usbd_desc.o
    0x0800823c   0x0800823c   0x00000010   Code   RO         5128    i.USBD_USR_LangIDStrDescriptor  usbd_desc.o
    0x0800824c   0x0800824c   0x00000024   Code   RO         5129    i.USBD_USR_ManufacturerStrDescriptor  usbd_desc.o
    0x08008270   0x08008270   0x00000024   Code   RO         5130    i.USBD_USR_ProductStrDescriptor  usbd_desc.o
    0x08008294   0x08008294   0x00000010   Code   RO         5131    i.USBD_USR_SerialStrDescriptor  usbd_desc.o
    0x080082a4   0x080082a4   0x00000018   Code   RO         4996    i.USB_BSP_EnableInterrupt  usb_bsp.o
    0x080082bc   0x080082bc   0x00000014   Code   RO         4997    i.USB_BSP_Init      usb_bsp.o
    0x080082d0   0x080082d0   0x00000008   Code   RO         4694    i.USB_IRQHandler    stm32f0xx_it.o
    0x080082d8   0x080082d8   0x0000012c   Code   RO         4160    i.USB_Istr          usb_dcd_int.o
    0x08008404   0x08008404   0x0000002c   Code   RO         3735    i.UserToPMABufferCopy  usb_core.o
    0x08008430   0x08008430   0x0000001c   Code   RO         4444    i.__ARM_common_switch8  usbd_req.o
    0x0800844c   0x0800844c   0x0000002c   Code   RO         5625    i.__ARM_fpclassify  m_ps.l(fpclassify.o)
    0x08008478   0x08008478   0x000000ac   Code   RO         5627    i.__kernel_poly     m_ps.l(poly.o)
    0x08008524   0x08008524   0x00000014   Code   RO         5611    i.__mathlib_dbl_divzero  m_ps.l(dunder.o)
    0x08008538   0x08008538   0x00000008   Code   RO         5613    i.__mathlib_dbl_infnan2  m_ps.l(dunder.o)
    0x08008540   0x08008540   0x00000010   Code   RO         5614    i.__mathlib_dbl_invalid  m_ps.l(dunder.o)
    0x08008550   0x08008550   0x00000014   Code   RO         5615    i.__mathlib_dbl_overflow  m_ps.l(dunder.o)
    0x08008564   0x08008564   0x00000014   Code   RO         5617    i.__mathlib_dbl_underflow  m_ps.l(dunder.o)
    0x08008578   0x08008578   0x0000003c   Code   RO         4924    i.acs2              usart_stm.o
    0x080085b4   0x080085b4   0x00000088   Code   RO         5382    i.check_ESP         wifi_esp8266.o
    0x0800863c   0x0800863c   0x0000001c   Code   RO         5383    i.check_exist_CON   wifi_esp8266.o
    0x08008658   0x08008658   0x0000007c   Code   RO         4925    i.comport_Init      usart_stm.o
    0x080086d4   0x080086d4   0x0000004c   Code   RO         4695    i.data_answer       stm32f0xx_it.o
    0x08008720   0x08008720   0x00000160   Code   RO         4696    i.data_transmit_clientWIFI  stm32f0xx_it.o
    0x08008880   0x08008880   0x00000098   Code   RO         4849    i.disp_scrsave      tm1637.o
    0x08008918   0x08008918   0x000000f4   Code   RO         4850    i.disp_set_mode     tm1637.o
    0x08008a0c   0x08008a0c   0x00000054   Code   RO         4456    i.filter_median     func.o
    0x08008a60   0x08008a60   0x00000006   Code   RO         4528    i.flash_read        main.o
    0x08008a66   0x08008a66   0x00000002   PAD
    0x08008a68   0x08008a68   0x000001b4   Code   RO         5384    i.func_acs2         wifi_esp8266.o
    0x08008c1c   0x08008c1c   0x00000064   Code   RO         4529    i.func_air_control  main.o
    0x08008c80   0x08008c80   0x00000388   Code   RO         4530    i.func_get_data_TCP  main.o
    0x08009008   0x08009008   0x000000b8   Code   RO         4531    i.func_heat         main.o
    0x080090c0   0x080090c0   0x0000011c   Code   RO         4532    i.func_synchro      main.o
    0x080091dc   0x080091dc   0x00000020   Code   RO         5031    i.get_cor           usbd_custom_hid_core.o
    0x080091fc   0x080091fc   0x0000039c   Code   RO         4697    i.get_val_for_SET   stm32f0xx_it.o
    0x08009598   0x08009598   0x00000094   Code   RO         5385    i.getstr_BUF_USB    wifi_esp8266.o
    0x0800962c   0x0800962c   0x00000040   Code   RO         5292    i.init_ADC_STM      user_init.o
    0x0800966c   0x0800966c   0x00000044   Code   RO         5293    i.init_GPIO_ineterrupt  user_init.o
    0x080096b0   0x080096b0   0x0000007c   Code   RO         5294    i.init_PORT_ADC     user_init.o
    0x0800972c   0x0800972c   0x000000a0   Code   RO         5295    i.init_PORT_B       user_init.o
    0x080097cc   0x080097cc   0x000004c8   Code   RO         5386    i.init_WIFI_server  wifi_esp8266.o
    0x08009c94   0x08009c94   0x00000144   Code   RO         5387    i.init_constTxt     wifi_esp8266.o
    0x08009dd8   0x08009dd8   0x00000010   Code   RO         5296    i.init_gpio_        user_init.o
    0x08009de8   0x08009de8   0x00000240   Code   RO         4457    i.init_out_for_SMART  func.o
    0x0800a028   0x0800a028   0x000001bc   Code   RO         5388    i.init_paramESP8266  wifi_esp8266.o
    0x0800a1e4   0x0800a1e4   0x00000040   Code   RO         5297    i.init_tmr          user_init.o
    0x0800a224   0x0800a224   0x0000004c   Code   RO         5298    i.init_tmr16        user_init.o
    0x0800a270   0x0800a270   0x00000044   Code   RO         5299    i.init_tmr2         user_init.o
    0x0800a2b4   0x0800a2b4   0x00000038   Code   RO         5300    i.iwdg_init         user_init.o
    0x0800a2ec   0x0800a2ec   0x00000040   Code   RO         4533    i.led_answer        main.o
    0x0800a32c   0x0800a32c   0x0000000c   Code   RO         5301    i.led_one_OFF       user_init.o
    0x0800a338   0x0800a338   0x00000008   Code   RO         5302    i.led_one_ON        user_init.o
    0x0800a340   0x0800a340   0x0000003c   Code   RO         4534    i.load_DEF_setESP   main.o
    0x0800a37c   0x0800a37c   0x00000ef8   Code   RO         4535    i.main              main.o
    0x0800b274   0x0800b274   0x000000b4   Code   RO         4536    i.out_echo_from_ESP  main.o
    0x0800b328   0x0800b328   0x000000c8   Code   RO         4851    i.out_temp_LCDTM1637  tm1637.o
    0x0800b3f0   0x0800b3f0   0x000009fc   Code   RO         5580    i.pow               m_ps.l(pow.o)
    0x0800bdec   0x0800bdec   0x000000b8   Code   RO         5389    i.programm_resetESP  wifi_esp8266.o
    0x0800bea4   0x0800bea4   0x0000005c   Code   RO         5032    i.read_FLASH_CORR   usbd_custom_hid_core.o
    0x0800bf00   0x0800bf00   0x00000454   Code   RO         4537    i.read_modework     main.o
    0x0800c354   0x0800c354   0x0000018c   Code   RO         5390    i.ready_rep         wifi_esp8266.o
    0x0800c4e0   0x0800c4e0   0x00000274   Code   RO         5391    i.ready_send_dataWIFI  wifi_esp8266.o
    0x0800c754   0x0800c754   0x0000014c   Code   RO         4538    i.ready_str_for_alarm  main.o
    0x0800c8a0   0x0800c8a0   0x000009a8   Code   RO         4458    i.real_temp         func.o
    0x0800d248   0x0800d248   0x00000398   Code   RO         5392    i.recieved_word     wifi_esp8266.o
    0x0800d5e0   0x0800d5e0   0x0000003c   Code   RO         4539    i.reset_ESP8266     main.o
    0x0800d61c   0x0800d61c   0x00000024   Code   RO         5394    i.reset_exist_connect  wifi_esp8266.o
    0x0800d640   0x0800d640   0x00000028   Code   RO         4459    i.run_ADCSTM        func.o
    0x0800d668   0x0800d668   0x000000c0   Code   RO         5033    i.save_CORR_DEF     usbd_custom_hid_core.o
    0x0800d728   0x0800d728   0x000000a8   Code   RO         5034    i.save_coeff_cor    usbd_custom_hid_core.o
    0x0800d7d0   0x0800d7d0   0x000000b8   Code   RO         4540    i.save_modework     main.o
    0x0800d888   0x0800d888   0x00000134   Code   RO         4541    i.save_net          main.o
    0x0800d9bc   0x0800d9bc   0x00000020   Code   RO         5395    i.sendUSB_getCOM_data  wifi_esp8266.o
    0x0800d9dc   0x0800d9dc   0x00000210   Code   RO         5396    i.send_CIPSEND_mail  wifi_esp8266.o
    0x0800dbec   0x0800dbec   0x0000071c   Code   RO         5397    i.send_MAIL         wifi_esp8266.o
    0x0800e308   0x0800e308   0x0000001a   Code   RO         5398    i.send_data_clientWIFI  wifi_esp8266.o
    0x0800e322   0x0800e322   0x00000002   PAD
    0x0800e324   0x0800e324   0x00000038   Code   RO         4927    i.send_integer      usart_stm.o
    0x0800e35c   0x0800e35c   0x000000dc   Code   RO         5399    i.send_str_USB      wifi_esp8266.o
    0x0800e438   0x0800e438   0x00000198   Code   RO         5400    i.send_txt_for_BOT  wifi_esp8266.o
    0x0800e5d0   0x0800e5d0   0x00000400   Code   RO         5401    i.set_newNET        wifi_esp8266.o
    0x0800e9d0   0x0800e9d0   0x0000031c   Code   RO         4698    i.show_data         stm32f0xx_it.o
    0x0800ecec   0x0800ecec   0x0000015c   Code   RO         5402    i.size_get_bytes_from_com  wifi_esp8266.o
    0x0800ee48   0x0800ee48   0x00000048   Code   RO         5590    i.sqrt              m_ps.l(sqrt.o)
    0x0800ee90   0x0800ee90   0x000000cc   Code   RO         5403    i.start_wait_word   wifi_esp8266.o
    0x0800ef5c   0x0800ef5c   0x0000002c   Code   RO         5404    i.wait_OK           wifi_esp8266.o
    0x0800ef88   0x0800ef88   0x0000014c   Code   RO         4460    i.work_ADC_STM      func.o
    0x0800f0d4   0x0800f0d4   0x00000064   Code   RO         5563    x$fpl$deqf          fz_ps.l(deqf.o)
    0x0800f138   0x0800f138   0x00000064   Code   RO         5573    x$fpl$dleqf         fz_ps.l(dlef.o)
    0x0800f19c   0x0800f19c   0x00000068   Code   RO         5577    x$fpl$drleqf        fz_ps.l(drlef.o)
    0x0800f204   0x0800f204   0x00000000   Code   RO         5610    x$fpl$usenofp       fz_ps.l(usenofp.o)
    0x0800f204   0x0800f204   0x0000001a   Data   RO         4852    .constdata          tm1637.o
    0x0800f21e   0x0800f21e   0x00000002   PAD
    0x0800f220   0x0800f220   0x00000030   Data   RO         4930    .constdata          usart_stm.o
    0x0800f250   0x0800f250   0x0000005b   Data   RO         5036    .constdata          usbd_custom_hid_core.o
    0x0800f2ab   0x0800f2ab   0x00000020   Data   RO         5133    .constdata          usbd_desc.o
    0x0800f2cb   0x0800f2cb   0x00000005   Data   RO         5406    .constdata          wifi_esp8266.o
    0x0800f2d0   0x0800f2d0   0x00000080   Data   RO         5561    .constdata          fz_ps.l(ddiv.o)
    0x0800f350   0x0800f350   0x00000088   Data   RO         5581    .constdata          m_ps.l(pow.o)
    0x0800f3d8   0x0800f3d8   0x00000008   Data   RO         5629    .constdata          m_ps.l(qnan.o)
    0x0800f3e0   0x0800f3e0   0x00000127   Data   RO         4544    .conststring        main.o
    0x0800f507   0x0800f507   0x00000001   PAD
    0x0800f508   0x0800f508   0x00000030   Data   RO         5801    Region$$Table       anon$$obj.o


    Execution Region RW_IRAM1 (Exec base: 0x20000000, Load base: 0x0800f538, Size: 0x000000c0, Max: 0x000000c0, ABSOLUTE)

    Exec Addr    Load Addr    Size         Type   Attr      Idx    E Section Name        Object

    0x20000000        -       0x000000c0   Zero   RW         4542    .ARM.__AT_0x20000000  main.o


    Execution Region RW_IRAM2 (Exec base: 0x200000c4, Load base: 0x0800f538, Size: 0x00002d9c, Max: 0x00003f40, ABSOLUTE, COMPRESSED[0x000004b8])

    Exec Addr    Load Addr    Size         Type   Attr      Idx    E Section Name        Object

    0x200000c4   COMPRESSED   0x00000010   Data   RW         1922    .data               stm32f0xx_rcc.o
    0x200000d4   COMPRESSED   0x00000004   Data   RW         4069    .data               usb_dcd.o
    0x200000d8   COMPRESSED   0x00000028   Data   RW         4211    .data               usbd_core.o
    0x20000100   COMPRESSED   0x00000005   Data   RW         4370    .data               usbd_req.o
    0x20000105   COMPRESSED   0x00000003   PAD
    0x20000108   COMPRESSED   0x00000038   Data   RW         4463    .data               func.o
    0x20000140   COMPRESSED   0x00000458   Data   RW         4545    .data               main.o
    0x20000598   COMPRESSED   0x0000003b   Data   RW         4700    .data               stm32f0xx_it.o
    0x200005d3   COMPRESSED   0x00000001   Data   RW         4853    .data               tm1637.o
    0x200005d4   COMPRESSED   0x0000001e   Data   RW         4932    .data               usart_stm.o
    0x200005f2   COMPRESSED   0x00000002   PAD
    0x200005f4   COMPRESSED   0x00000044   Data   RW         5037    .data               usbd_custom_hid_core.o
    0x20000638   COMPRESSED   0x00000036   Data   RW         5134    .data               usbd_desc.o
    0x2000066e   COMPRESSED   0x00000002   Data   RW         5203    .data               usbd_pwr.o
    0x20000670   COMPRESSED   0x0000001c   Data   RW         5245    .data               usbd_usr.o
    0x2000068c   COMPRESSED   0x0000006c   Data   RW         5407    .data               wifi_esp8266.o
    0x200006f8        -       0x00000040   Zero   RW         4369    .bss                usbd_req.o
    0x20000738        -       0x00000280   Zero   RW         4461    .bss                func.o
    0x200009b8        -       0x00000524   Zero   RW         4543    .bss                main.o
    0x20000edc        -       0x0000014c   Zero   RW         4699    .bss                stm32f0xx_it.o
    0x20001028        -       0x00000014   Zero   RW         4929    .bss                usart_stm.o
    0x2000103c        -       0x00000440   Zero   RW         5035    .bss                usbd_custom_hid_core.o
    0x2000147c   COMPRESSED   0x00000004   PAD
    0x20001480        -       0x00001380   Zero   RW         5405    .bss                wifi_esp8266.o
    0x20002800        -       0x00000060   Zero   RW         5657    .bss                c_p.l(libspace.o)
    0x20002860        -       0x00000200   Zero   RW            2    HEAP                startup_stm32f072.o
    0x20002a60        -       0x00000400   Zero   RW            1    STACK               startup_stm32f072.o


==============================================================================

Image component sizes


      Code (inc. data)   RO Data    RW Data    ZI Data      Debug   Object Name

      3504        200          0         56        640       7367   func.o
      7760       1162        295       1112       1508      27982   main.o
        56         26        192          0       1536        656   startup_stm32f072.o
       190          0          0          0          0     213619   stm32f0xx_adc.o
        12          6          0          0          0        493   stm32f0xx_exti.o
       340         32          0          0          0       3605   stm32f0xx_flash.o
       232          0          0          0          0       2279   stm32f0xx_gpio.o
      3746        328          0         59        332      13294   stm32f0xx_it.o
        68         34          0          0          0       2338   stm32f0xx_iwdg.o
       112          6          0          0          0        860   stm32f0xx_misc.o
       760         58          0         16          0       5583   stm32f0xx_rcc.o
        28          4          0          0          0        559   stm32f0xx_syscfg.o
       224         42          0          0          0       3752   stm32f0xx_tim.o
       294         18          0          0          0       3604   stm32f0xx_usart.o
       344         26          0          0          0       1405   system_stm32f0xx.o
      1152         78         26          1          0       6620   tm1637.o
       542         74         48         30         20      10846   usart_stm.o
        44          0          0          0          0       1313   usb_bsp.o
      1220        244          0          0          0      13446   usb_core.o
      1256         30          0          4          0      10080   usb_dcd.o
      1124         64          0          0          0       2916   usb_dcd_int.o
       678          4          0         40          0       7508   usbd_core.o
      1378        180         91         68       1088      10364   usbd_custom_hid_core.o
       298         94         32         54          0       6310   usbd_desc.o
       176          0          0          0          0       3996   usbd_ioreq.o
       276         26          0          2          0       2091   usbd_pwr.o
      1520         42          0          5         64       9219   usbd_req.o
        10          0          0         28          0       2352   usbd_usr.o
       856        102          0          0          0      11721   user_init.o
      9558       2110          5        108       4992      23321   wifi_esp8266.o

    ----------------------------------------------------------------------
     37792       4990        740       1588      10184     409499   Object Totals
         0          0         48          0          0          0   (incl. Generated)
        34          0          3          5          4          0   (incl. Padding)

    ----------------------------------------------------------------------

      Code (inc. data)   RO Data    RW Data    ZI Data      Debug   Library Member Name

        86          0          0          0          0          0   __dczerorl2.o
         8          0          0          0          0         68   __main.o
         0          0          0          0          0          0   __rtentry.o
        12          0          0          0          0          0   __rtentry2.o
         6          0          0          0          0          0   __rtentry4.o
        60          8          0          0          0          0   __scatter.o
        28          0          0          0          0          0   __scatter_zi.o
        22          0          0          0          0         92   _rserrno.o
       346          0          0          0          0         92   aeabi_sdiv.o
        16          0          0          0          0         68   exit.o
         6          0          0          0          0        136   heapauxi.o
         0          0          0          0          0          0   indicate_semi.o
         2          0          0          0          0          0   libinit.o
         2          0          0          0          0          0   libinit2.o
         2          0          0          0          0          0   libshutdown.o
         2          0          0          0          0          0   libshutdown2.o
         8          4          0          0         96         68   libspace.o
         8          4          0          0          0         68   rt_errno_addr_intlibspace.o
        64          0          0          0          0        108   rt_memclr.o
        56          0          0          0          0         68   rt_memcpy.o
         2          0          0          0          0          0   rtexit.o
        10          0          0          0          0          0   rtexit2.o
        68          6          0          0          0         72   strlen.o
        12          4          0          0          0         60   sys_exit.o
        62          0          0          0          0         80   sys_stackheap_outer.o
         2          0          0          0          0         68   use_no_semi.o
        46          0          0          0          0         60   cmpret.o
       856         20          0          0          0        208   daddsub.o
       144          4          0          0          0         76   dcmpin.o
      1096         26        128          0          0        112   ddiv.o
       100          4          0          0          0         92   deqf.o
       108         10          0          0          0         72   dfixi.o
        72          4          0          0          0         68   dfixui.o
        88          0          0          0          0         92   dflti.o
       100          4          0          0          0         92   dlef.o
       584         26          0          0          0         84   dmul.o
        20          6          0          0          0         68   dnan2.o
       104          4          0          0          0        104   drlef.o
        96         12          0          0          0         72   dscalbn.o
       256          8          0          0          0         76   dsqrt.o
        94          0          0          0          0         68   retnan.o
         0          0          0          0          0          0   usenofp.o
        84         14          0          0          0        340   dunder.o
        44          4          0          0          0         60   fpclassify.o
       172          0          0          0          0         76   poly.o
      2556        196        136          0          0        240   pow.o
         0          0          8          0          0          0   qnan.o
        72          6          0          0          0         76   sqrt.o

    ----------------------------------------------------------------------
      7588        374        272          0         96       3184   Library Totals
         6          0          0          0          0          0   (incl. Padding)

    ----------------------------------------------------------------------

      Code (inc. data)   RO Data    RW Data    ZI Data      Debug   Library Name

       890         26          0          0         96       1048   c_p.l
      3764        128        128          0          0       1344   fz_ps.l
      2928        220        144          0          0        792   m_ps.l

    ----------------------------------------------------------------------
      7588        374        272          0         96       3184   Library Totals

    ----------------------------------------------------------------------

==============================================================================


      Code (inc. data)   RO Data    RW Data    ZI Data      Debug   

     45380       5364       1012       1588      10280     400931   Grand Totals
     45380       5364       1012       1208      10280     400931   ELF Image Totals (compressed)
     45380       5364       1012       1208          0          0   ROM Totals

==============================================================================

    Total RO  Size (Code + RO Data)                46392 (  45.30kB)
    Total RW  Size (RW Data + ZI Data)             11868 (  11.59kB)
    Total ROM Size (Code + RO Data + RW Data)      47600 (  46.48kB)

==============================================================================

